                                      1 ;--------------------------------------------------------
                                      2 ; File Created by SDCC : free open source ANSI-C Compiler
                                      3 ; Version 4.2.0 #13081 (MINGW64)
                                      4 ;--------------------------------------------------------
                                      5 	.module bios
                                      6 	.optsdcc -mz80
                                      7 	
                                      8 ;--------------------------------------------------------
                                      9 ; Public variables in this module
                                     10 ;--------------------------------------------------------
                                     11 	.globl _Sys_GetPageSlot
                                     12 	.globl _g_SLTSL
                                     13 	.globl _g_GRPACY
                                     14 	.globl _g_GRPACX
                                     15 	.globl _g_LOGOPR
                                     16 	.globl _g_CMASK
                                     17 	.globl _g_CLOC
                                     18 	.globl _g_FNKSTR
                                     19 	.globl _g_ATRBYT
                                     20 	.globl _g_BDRCLR
                                     21 	.globl _g_BAKCLR
                                     22 	.globl _g_FORCLR
                                     23 	.globl _g_CSRX
                                     24 	.globl _g_CSRY
                                     25 	.globl _g_CLIKSW
                                     26 	.globl _g_MLTPAT
                                     27 	.globl _g_MLTATR
                                     28 	.globl _g_MLTCGP
                                     29 	.globl _g_MLTCOL
                                     30 	.globl _g_MLTNAM
                                     31 	.globl _g_GRPPAT
                                     32 	.globl _g_GRPATR
                                     33 	.globl _g_GRPCGP
                                     34 	.globl _g_GRPCOL
                                     35 	.globl _g_GRPNAM
                                     36 	.globl _g_T32PAT
                                     37 	.globl _g_T32ATR
                                     38 	.globl _g_T32CGP
                                     39 	.globl _g_T32COL
                                     40 	.globl _g_T32NAM
                                     41 	.globl _g_TXTPAT
                                     42 	.globl _g_TXTATR
                                     43 	.globl _g_TXTCGP
                                     44 	.globl _g_TXTCOL
                                     45 	.globl _g_TXTNAM
                                     46 	.globl _g_CLMLST
                                     47 	.globl _g_CRTCNT
                                     48 	.globl _g_LINLEN
                                     49 	.globl _g_LINL32
                                     50 	.globl _g_LINL40
                                     51 	.globl _g_BDOS
                                     52 	.globl _g_MASTER
                                     53 	.globl _g_RAMAD3
                                     54 	.globl _g_RAMAD2
                                     55 	.globl _g_RAMAD1
                                     56 	.globl _g_RAMAD0
                                     57 	.globl _g_BREAKV
                                     58 	.globl _g_DISKVE
                                     59 	.globl _g_KANJTABLE
                                     60 	.globl _g_STRSRC
                                     61 	.globl _g_SUBRID
                                     62 	.globl _g_CHAR_16
                                     63 	.globl _g_MSXMID
                                     64 	.globl _g_MSXVER
                                     65 	.globl _g_ROMVersion
                                     66 	.globl _g_BASRVN
                                     67 	.globl _g_VDP_DW
                                     68 	.globl _g_VDP_DR
                                     69 	.globl _g_CGTABL
                                     70 	.globl _g_SVFFFD
                                     71 	.globl _g_RG27SAV
                                     72 	.globl _g_RG26SAV
                                     73 	.globl _g_RG25SAV
                                     74 	.globl _g_SVFFF8
                                     75 	.globl _g_MINROM
                                     76 	.globl _g_RG23SAV
                                     77 	.globl _g_RG22SAV
                                     78 	.globl _g_RG21SAV
                                     79 	.globl _g_RG20SAV
                                     80 	.globl _g_RG19SAV
                                     81 	.globl _g_RG18SAV
                                     82 	.globl _g_RG17SAV
                                     83 	.globl _g_RG16SAV
                                     84 	.globl _g_RG15SAV
                                     85 	.globl _g_RG14SAV
                                     86 	.globl _g_RG13SAV
                                     87 	.globl _g_RG12SAV
                                     88 	.globl _g_RG11SAV
                                     89 	.globl _g_RG10SAV
                                     90 	.globl _g_RG09SAV
                                     91 	.globl _g_RG08SAV
                                     92 	.globl _g_PROCNM
                                     93 	.globl _g_SLTWRK
                                     94 	.globl _g_SLTATR
                                     95 	.globl _g_SLTTBL
                                     96 	.globl _g_EXPTBL
                                     97 	.globl _g_MNROM
                                     98 	.globl _g_DRWANG
                                     99 	.globl _g_DRWSCL
                                    100 	.globl _g_DRWFLG
                                    101 	.globl _g_GYPOS
                                    102 	.globl _g_GXPOS
                                    103 	.globl _g_BRDATR
                                    104 	.globl _g_CASPRV
                                    105 	.globl _g_OLDSCR
                                    106 	.globl _g_SCRMOD
                                    107 	.globl _g_FLBMEM
                                    108 	.globl _g_KANAMD
                                    109 	.globl _g_KANAST
                                    110 	.globl _g_CAPST
                                    111 	.globl _g_CSTYLE
                                    112 	.globl _g_CSRSW
                                    113 	.globl _g_INSFLG
                                    114 	.globl _g_ESCCNT
                                    115 	.globl _g_GRPHED
                                    116 	.globl _g_WINWID
                                    117 	.globl _g_LOWLIM
                                    118 	.globl _g_INTCNT
                                    119 	.globl _g_INTVAL
                                    120 	.globl _g_JIFFY
                                    121 	.globl _g_PADX
                                    122 	.globl _g_PADY
                                    123 	.globl _g_INTFLG
                                    124 	.globl _g_RTYCNT
                                    125 	.globl _g_TRPTBL
                                    126 	.globl _g_HIMEM
                                    127 	.globl _g_BOTTOM
                                    128 	.globl _g_PATWRK
                                    129 	.globl _g_LINWRK
                                    130 	.globl _g_KEYBUF
                                    131 	.globl _g_NEWKEY
                                    132 	.globl _g_OLDKEY
                                    133 	.globl _g_CLIKFL
                                    134 	.globl _g_ONGSBF
                                    135 	.globl _g_FNKFLG
                                    136 	.globl _g_FNKSWI
                                    137 	.globl _g_CODSAV
                                    138 	.globl _g_FSTPOS
                                    139 	.globl _g_LINTTB
                                    140 	.globl _g_BASROM
                                    141 	.globl _g_ENSTOP
                                    142 	.globl _g_VCBC
                                    143 	.globl _g_VCBB
                                    144 	.globl _g_VCBA
                                    145 	.globl _g_PLYCNT
                                    146 	.globl _g_MUSICF
                                    147 	.globl _g_QUEUEN
                                    148 	.globl _g_MCLPTR
                                    149 	.globl _g_MCLLEN
                                    150 	.globl _g_SAVVOL
                                    151 	.globl _g_VOICEN
                                    152 	.globl _g_SAVSP
                                    153 	.globl _g_PRSCNT
                                    154 	.globl _g_LSTMOD
                                    155 	.globl _g_LSTCOM
                                    156 	.globl _g_COMMSK
                                    157 	.globl _g_ESTBLS
                                    158 	.globl _g_FLAGS
                                    159 	.globl _g_ERRORS
                                    160 	.globl _g_DATCNT
                                    161 	.globl _g_DEVNUM
                                    162 	.globl _g_OLDINT
                                    163 	.globl _g_OLDSTT
                                    164 	.globl _g_MEXBIh
                                    165 	.globl _g_RSIQLN
                                    166 	.globl _g_RSFCB
                                    167 	.globl _g_TOCNT
                                    168 	.globl _g_RSTMP
                                    169 	.globl _g_YSAVE
                                    170 	.globl _g_XSAVE
                                    171 	.globl _g_NORUSE
                                    172 	.globl _g_MODE
                                    173 	.globl _g_ROMA
                                    174 	.globl _g_CHRCNT
                                    175 	.globl _g_EXBRSA
                                    176 	.globl _g_AVCSAV
                                    177 	.globl _g_ACPAGE
                                    178 	.globl _g_DPPAGE
                                    179 	.globl _g_RS2IQ
                                    180 	.globl _g_VOICCQ
                                    181 	.globl _g_VOICBQ
                                    182 	.globl _g_VOICAQ
                                    183 	.globl _g_QUEBAK
                                    184 	.globl _g_QUETAB
                                    185 	.globl _g_ASPCT2
                                    186 	.globl _g_ASPCT1
                                    187 	.globl _g_HEADER
                                    188 	.globl _g_HIGH
                                    189 	.globl _g_LOW
                                    190 	.globl _g_CS240
                                    191 	.globl _g_CS120
                                    192 	.globl _g_GETPNT
                                    193 	.globl _g_PUTPNT
                                    194 	.globl _g_REPCNT
                                    195 	.globl _g_SCNCNT
                                    196 	.globl _g_FRCNEW
                                    197 	.globl _g_QUEUES
                                    198 	.globl _g_MINUPD
                                    199 	.globl _g_MAXUPD
                                    200 	.globl _g_TRGFLG
                                    201 	.globl _g_STATFL
                                    202 	.globl _g_RG7SAV
                                    203 	.globl _g_RG6SAV
                                    204 	.globl _g_RG5SAV
                                    205 	.globl _g_RG4SAV
                                    206 	.globl _g_RG3SAV
                                    207 	.globl _g_RG2SAV
                                    208 	.globl _g_RG1SAV
                                    209 	.globl _g_RG0SAV
                                    210 	.globl _g_CNSDFG
                                    211 	.globl _g_USRTAB
                                    212 	.globl _g_CLPRIM
                                    213 	.globl _g_WRPRIM
                                    214 	.globl _g_RDPRIM
                                    215 	.globl _BIOS_Exit
                                    216 	.globl _BIOS_SetHookCallback
                                    217 	.globl _BIOS_InterSlotRead
                                    218 	.globl _BIOS_InterSlotWrite
                                    219 	.globl _BIOS_InterSlotCall
                                    220 	.globl _BIOS_SwitchSlot
                                    221 	.globl _BIOS_WriteVDP
                                    222 	.globl _BIOS_WriteVRAM
                                    223 	.globl _BIOS_FillVRAM
                                    224 	.globl _BIOS_CopyVRAMtoRAM
                                    225 	.globl _BIOS_CopyRAMtoVRAM
                                    226 	.globl _BIOS_InitScreen3Ex
                                    227 	.globl _BIOS_GetSpritePatternAddress
                                    228 	.globl _BIOS_GetSpriteAttributeAddress
                                    229 	.globl _BIOS_WritePSG
                                    230 	.globl _BIOS_HasCharacter
                                    231 	.globl _BIOS_ClearScreen
                                    232 	.globl _BIOS_TextSetCursor
                                    233 ;--------------------------------------------------------
                                    234 ; special function registers
                                    235 ;--------------------------------------------------------
                         000000A8   236 _g_PortPrimarySlot	=	0x00a8
                         000000A9   237 _g_PortReadKeyboard	=	0x00a9
                         000000AA   238 _g_PortAccessKeyboard	=	0x00aa
                         000000AB   239 _g_PortControl	=	0x00ab
                         00000098   240 _g_VDP_DataPort	=	0x0098
                         00000099   241 _g_VDP_RegPort	=	0x0099
                         00000099   242 _g_VDP_AddrPort	=	0x0099
                         00000099   243 _g_VDP_StatPort	=	0x0099
                         0000009A   244 _g_VDP_PalPort	=	0x009a
                         0000009B   245 _g_VDP_IRegPort	=	0x009b
                         000000A0   246 _g_PSG_RegPort	=	0x00a0
                         000000A1   247 _g_PSG_DataPort	=	0x00a1
                         000000A2   248 _g_PSG_StatPort	=	0x00a2
                         00000010   249 _g_PSG_Ext_RegPort	=	0x0010
                         00000011   250 _g_PSG_Ext_DataPort	=	0x0011
                         00000012   251 _g_PSG_Ext_StatPort	=	0x0012
                         0000007C   252 _g_MSXMusic_IndexPort	=	0x007c
                         0000007D   253 _g_MSXMusic_DataPort	=	0x007d
                         000000C0   254 _g_MSXAudio_IndexPort	=	0x00c0
                         000000C1   255 _g_MSXAudio_DataPort	=	0x00c1
                         000000C2   256 _g_MSXAudio_IndexPort2	=	0x00c2
                         000000C3   257 _g_MSXAudio_DataPort2	=	0x00c3
                         000000B4   258 _g_RTC_AddrPort	=	0x00b4
                         000000B5   259 _g_RTC_DataPort	=	0x00b5
                                    260 ;--------------------------------------------------------
                                    261 ; ram data
                                    262 ;--------------------------------------------------------
                                    263 	.area _DATA
                         0000F3AE   264 _g_LINL40	=	0xf3ae
                         0000F3AF   265 _g_LINL32	=	0xf3af
                         0000F3B0   266 _g_LINLEN	=	0xf3b0
                         0000F3B1   267 _g_CRTCNT	=	0xf3b1
                         0000F3B2   268 _g_CLMLST	=	0xf3b2
                         0000F3B3   269 _g_TXTNAM	=	0xf3b3
                         0000F3B5   270 _g_TXTCOL	=	0xf3b5
                         0000F3B7   271 _g_TXTCGP	=	0xf3b7
                         0000F3B9   272 _g_TXTATR	=	0xf3b9
                         0000F3BB   273 _g_TXTPAT	=	0xf3bb
                         0000F3BD   274 _g_T32NAM	=	0xf3bd
                         0000F3BF   275 _g_T32COL	=	0xf3bf
                         0000F3C1   276 _g_T32CGP	=	0xf3c1
                         0000F3C3   277 _g_T32ATR	=	0xf3c3
                         0000F3C5   278 _g_T32PAT	=	0xf3c5
                         0000F3C7   279 _g_GRPNAM	=	0xf3c7
                         0000F3C9   280 _g_GRPCOL	=	0xf3c9
                         0000F3CB   281 _g_GRPCGP	=	0xf3cb
                         0000F3CD   282 _g_GRPATR	=	0xf3cd
                         0000F3CF   283 _g_GRPPAT	=	0xf3cf
                         0000F3D1   284 _g_MLTNAM	=	0xf3d1
                         0000F3D3   285 _g_MLTCOL	=	0xf3d3
                         0000F3D5   286 _g_MLTCGP	=	0xf3d5
                         0000F3D7   287 _g_MLTATR	=	0xf3d7
                         0000F3D9   288 _g_MLTPAT	=	0xf3d9
                         0000F3DB   289 _g_CLIKSW	=	0xf3db
                         0000F3DC   290 _g_CSRY	=	0xf3dc
                         0000F3DD   291 _g_CSRX	=	0xf3dd
                         0000F3E9   292 _g_FORCLR	=	0xf3e9
                         0000F3EA   293 _g_BAKCLR	=	0xf3ea
                         0000F3EB   294 _g_BDRCLR	=	0xf3eb
                         0000F3F2   295 _g_ATRBYT	=	0xf3f2
                         0000F87F   296 _g_FNKSTR	=	0xf87f
                         0000F92A   297 _g_CLOC	=	0xf92a
                         0000F92C   298 _g_CMASK	=	0xf92c
                         0000FB02   299 _g_LOGOPR	=	0xfb02
                         0000FCB7   300 _g_GRPACX	=	0xfcb7
                         0000FCB9   301 _g_GRPACY	=	0xfcb9
                         0000FFFF   302 _g_SLTSL	=	0xffff
                                    303 ;--------------------------------------------------------
                                    304 ; ram data
                                    305 ;--------------------------------------------------------
                                    306 	.area _INITIALIZED
                                    307 ;--------------------------------------------------------
                                    308 ; absolute external ram data
                                    309 ;--------------------------------------------------------
                                    310 	.area _DABS (ABS)
                                    311 ;--------------------------------------------------------
                                    312 ; global & static initialisations
                                    313 ;--------------------------------------------------------
                                    314 	.area _HOME
                                    315 	.area _GSINIT
                                    316 	.area _GSFINAL
                                    317 	.area _GSINIT
                                    318 ;--------------------------------------------------------
                                    319 ; Home
                                    320 ;--------------------------------------------------------
                                    321 	.area _HOME
                                    322 	.area _HOME
                                    323 ;--------------------------------------------------------
                                    324 ; code
                                    325 ;--------------------------------------------------------
                                    326 	.area _CODE
                                    327 ;E:\Dropbox\FAUSTO\SVILUPPI\MSX\CODE\C\MSXgl\engine/src/bios.c:28: void BIOS_Exit(u8 ret)
                                    328 ;	---------------------------------
                                    329 ; Function BIOS_Exit
                                    330 ; ---------------------------------
    00000000                        331 _BIOS_Exit::
                                    332 ;E:\Dropbox\FAUSTO\SVILUPPI\MSX\CODE\C\MSXgl\engine/src/bios.c:74: __endasm;
    00000000 CD 00 00         [17]  333 	call	0x0000
                                    334 ;E:\Dropbox\FAUSTO\SVILUPPI\MSX\CODE\C\MSXgl\engine/src/bios.c:77: }
    00000003 C9               [10]  335 	ret
                         0000F380   336 _g_RDPRIM	=	0xf380
                         0000F385   337 _g_WRPRIM	=	0xf385
                         0000F38C   338 _g_CLPRIM	=	0xf38c
                         0000F39A   339 _g_USRTAB	=	0xf39a
                         0000F3DE   340 _g_CNSDFG	=	0xf3de
                         0000F3DF   341 _g_RG0SAV	=	0xf3df
                         0000F3E0   342 _g_RG1SAV	=	0xf3e0
                         0000F3E1   343 _g_RG2SAV	=	0xf3e1
                         0000F3E2   344 _g_RG3SAV	=	0xf3e2
                         0000F3E3   345 _g_RG4SAV	=	0xf3e3
                         0000F3E4   346 _g_RG5SAV	=	0xf3e4
                         0000F3E5   347 _g_RG6SAV	=	0xf3e5
                         0000F3E6   348 _g_RG7SAV	=	0xf3e6
                         0000F3E7   349 _g_STATFL	=	0xf3e7
                         0000F3E8   350 _g_TRGFLG	=	0xf3e8
                         0000F3EC   351 _g_MAXUPD	=	0xf3ec
                         0000F3EF   352 _g_MINUPD	=	0xf3ef
                         0000F3F3   353 _g_QUEUES	=	0xf3f3
                         0000F3F5   354 _g_FRCNEW	=	0xf3f5
                         0000F3F6   355 _g_SCNCNT	=	0xf3f6
                         0000F3F7   356 _g_REPCNT	=	0xf3f7
                         0000F3F8   357 _g_PUTPNT	=	0xf3f8
                         0000F3FA   358 _g_GETPNT	=	0xf3fa
                         0000F3FC   359 _g_CS120	=	0xf3fc
                         0000F401   360 _g_CS240	=	0xf401
                         0000F406   361 _g_LOW	=	0xf406
                         0000F408   362 _g_HIGH	=	0xf408
                         0000F40A   363 _g_HEADER	=	0xf40a
                         0000F40B   364 _g_ASPCT1	=	0xf40b
                         0000F40D   365 _g_ASPCT2	=	0xf40d
                         0000F959   366 _g_QUETAB	=	0xf959
                         0000F971   367 _g_QUEBAK	=	0xf971
                         0000F975   368 _g_VOICAQ	=	0xf975
                         0000F9F5   369 _g_VOICBQ	=	0xf9f5
                         0000FA75   370 _g_VOICCQ	=	0xfa75
                         0000FAF5   371 _g_RS2IQ	=	0xfaf5
                         0000FAF5   372 _g_DPPAGE	=	0xfaf5
                         0000FAF6   373 _g_ACPAGE	=	0xfaf6
                         0000FAF7   374 _g_AVCSAV	=	0xfaf7
                         0000FAF8   375 _g_EXBRSA	=	0xfaf8
                         0000FAF9   376 _g_CHRCNT	=	0xfaf9
                         0000FAFA   377 _g_ROMA	=	0xfafa
                         0000FAFC   378 _g_MODE	=	0xfafc
                         0000FAFD   379 _g_NORUSE	=	0xfafd
                         0000FAFE   380 _g_XSAVE	=	0xfafe
                         0000FB00   381 _g_YSAVE	=	0xfb00
                         0000FB03   382 _g_RSTMP	=	0xfb03
                         0000FB03   383 _g_TOCNT	=	0xfb03
                         0000FB04   384 _g_RSFCB	=	0xfb04
                         0000FB06   385 _g_RSIQLN	=	0xfb06
                         0000FB07   386 _g_MEXBIh	=	0xfb07
                         0000FB0C   387 _g_OLDSTT	=	0xfb0c
                         0000FB0C   388 _g_OLDINT	=	0xfb0c
                         0000FB16   389 _g_DEVNUM	=	0xfb16
                         0000FB17   390 _g_DATCNT	=	0xfb17
                         0000FB1A   391 _g_ERRORS	=	0xfb1a
                         0000FB1B   392 _g_FLAGS	=	0xfb1b
                         0000FB1C   393 _g_ESTBLS	=	0xfb1c
                         0000FB1D   394 _g_COMMSK	=	0xfb1d
                         0000FB1E   395 _g_LSTCOM	=	0xfb1e
                         0000FB1F   396 _g_LSTMOD	=	0xfb1f
                         0000FB35   397 _g_PRSCNT	=	0xfb35
                         0000FB36   398 _g_SAVSP	=	0xfb36
                         0000FB38   399 _g_VOICEN	=	0xfb38
                         0000FB39   400 _g_SAVVOL	=	0xfb39
                         0000FB3B   401 _g_MCLLEN	=	0xfb3b
                         0000FB3C   402 _g_MCLPTR	=	0xfb3c
                         0000FB3E   403 _g_QUEUEN	=	0xfb3e
                         0000FB3F   404 _g_MUSICF	=	0xfb3f
                         0000FB40   405 _g_PLYCNT	=	0xfb40
                         0000FB41   406 _g_VCBA	=	0xfb41
                         0000FB66   407 _g_VCBB	=	0xfb66
                         0000FB8B   408 _g_VCBC	=	0xfb8b
                         0000FBB0   409 _g_ENSTOP	=	0xfbb0
                         0000FBB1   410 _g_BASROM	=	0xfbb1
                         0000FBB2   411 _g_LINTTB	=	0xfbb2
                         0000FBCA   412 _g_FSTPOS	=	0xfbca
                         0000FBCC   413 _g_CODSAV	=	0xfbcc
                         0000FBCD   414 _g_FNKSWI	=	0xfbcd
                         0000FBCE   415 _g_FNKFLG	=	0xfbce
                         0000FBD8   416 _g_ONGSBF	=	0xfbd8
                         0000FBD9   417 _g_CLIKFL	=	0xfbd9
                         0000FBDA   418 _g_OLDKEY	=	0xfbda
                         0000FBE5   419 _g_NEWKEY	=	0xfbe5
                         0000FBF0   420 _g_KEYBUF	=	0xfbf0
                         0000FC18   421 _g_LINWRK	=	0xfc18
                         0000FC40   422 _g_PATWRK	=	0xfc40
                         0000FC48   423 _g_BOTTOM	=	0xfc48
                         0000FC4A   424 _g_HIMEM	=	0xfc4a
                         0000FC4C   425 _g_TRPTBL	=	0xfc4c
                         0000FC9A   426 _g_RTYCNT	=	0xfc9a
                         0000FC9B   427 _g_INTFLG	=	0xfc9b
                         0000FC9C   428 _g_PADY	=	0xfc9c
                         0000FC9D   429 _g_PADX	=	0xfc9d
                         0000FC9E   430 _g_JIFFY	=	0xfc9e
                         0000FCA0   431 _g_INTVAL	=	0xfca0
                         0000FCA2   432 _g_INTCNT	=	0xfca2
                         0000FCA4   433 _g_LOWLIM	=	0xfca4
                         0000FCA5   434 _g_WINWID	=	0xfca5
                         0000FCA6   435 _g_GRPHED	=	0xfca6
                         0000FCA7   436 _g_ESCCNT	=	0xfca7
                         0000FCA8   437 _g_INSFLG	=	0xfca8
                         0000FCA9   438 _g_CSRSW	=	0xfca9
                         0000FCAA   439 _g_CSTYLE	=	0xfcaa
                         0000FCAB   440 _g_CAPST	=	0xfcab
                         0000FCAC   441 _g_KANAST	=	0xfcac
                         0000FCAD   442 _g_KANAMD	=	0xfcad
                         0000FCAE   443 _g_FLBMEM	=	0xfcae
                         0000FCAF   444 _g_SCRMOD	=	0xfcaf
                         0000FCB0   445 _g_OLDSCR	=	0xfcb0
                         0000FCB1   446 _g_CASPRV	=	0xfcb1
                         0000FCB2   447 _g_BRDATR	=	0xfcb2
                         0000FCB3   448 _g_GXPOS	=	0xfcb3
                         0000FCB5   449 _g_GYPOS	=	0xfcb5
                         0000FCBB   450 _g_DRWFLG	=	0xfcbb
                         0000FCBC   451 _g_DRWSCL	=	0xfcbc
                         0000FCBD   452 _g_DRWANG	=	0xfcbd
                         0000FCC1   453 _g_MNROM	=	0xfcc1
                         0000FCC1   454 _g_EXPTBL	=	0xfcc1
                         0000FCC5   455 _g_SLTTBL	=	0xfcc5
                         0000FCC9   456 _g_SLTATR	=	0xfcc9
                         0000FD09   457 _g_SLTWRK	=	0xfd09
                         0000FD89   458 _g_PROCNM	=	0xfd89
                         0000FFE7   459 _g_RG08SAV	=	0xffe7
                         0000FFE8   460 _g_RG09SAV	=	0xffe8
                         0000FFE9   461 _g_RG10SAV	=	0xffe9
                         0000FFEA   462 _g_RG11SAV	=	0xffea
                         0000FFEB   463 _g_RG12SAV	=	0xffeb
                         0000FFEC   464 _g_RG13SAV	=	0xffec
                         0000FFED   465 _g_RG14SAV	=	0xffed
                         0000FFEE   466 _g_RG15SAV	=	0xffee
                         0000FFEF   467 _g_RG16SAV	=	0xffef
                         0000FFF0   468 _g_RG17SAV	=	0xfff0
                         0000FFF1   469 _g_RG18SAV	=	0xfff1
                         0000FFF2   470 _g_RG19SAV	=	0xfff2
                         0000FFF3   471 _g_RG20SAV	=	0xfff3
                         0000FFF4   472 _g_RG21SAV	=	0xfff4
                         0000FFF5   473 _g_RG22SAV	=	0xfff5
                         0000FFF6   474 _g_RG23SAV	=	0xfff6
                         0000FFF7   475 _g_MINROM	=	0xfff7
                         0000FFF8   476 _g_SVFFF8	=	0xfff8
                         0000FFFA   477 _g_RG25SAV	=	0xfffa
                         0000FFFB   478 _g_RG26SAV	=	0xfffb
                         0000FFFC   479 _g_RG27SAV	=	0xfffc
                         0000FFFD   480 _g_SVFFFD	=	0xfffd
                         00000004   481 _g_CGTABL	=	0x0004
                         00000006   482 _g_VDP_DR	=	0x0006
                         00000007   483 _g_VDP_DW	=	0x0007
                         0000002B   484 _g_BASRVN	=	0x002b
                         0000002B   485 _g_ROMVersion	=	0x002b
                         0000002D   486 _g_MSXVER	=	0x002d
                         0000002E   487 _g_MSXMID	=	0x002e
                         00000034   488 _g_CHAR_16	=	0x0034
                         00000000   489 _g_SUBRID	=	0x0000
                         00000002   490 _g_STRSRC	=	0x0002
                         0000F30F   491 _g_KANJTABLE	=	0xf30f
                         0000F323   492 _g_DISKVE	=	0xf323
                         0000F325   493 _g_BREAKV	=	0xf325
                         0000F341   494 _g_RAMAD0	=	0xf341
                         0000F342   495 _g_RAMAD1	=	0xf342
                         0000F343   496 _g_RAMAD2	=	0xf343
                         0000F344   497 _g_RAMAD3	=	0xf344
                         0000F348   498 _g_MASTER	=	0xf348
                         0000F37D   499 _g_BDOS	=	0xf37d
    00000004                        500 ___str_0:
    00000004 0A                     501 	.db 0x0a
    00000005 0D                     502 	.db 0x0d
    00000006 24                     503 	.ascii "$"
    00000007 00                     504 	.db 0x00
                                    505 ;E:\Dropbox\FAUSTO\SVILUPPI\MSX\CODE\C\MSXgl\engine/src/bios.c:82: void BIOS_SetHookCallback(u16 hook, callback cb)
                                    506 ;	---------------------------------
                                    507 ; Function BIOS_SetHookCallback
                                    508 ; ---------------------------------
    00000008                        509 _BIOS_SetHookCallback::
    00000008 4D               [ 4]  510 	ld	c, l
    00000009 44               [ 4]  511 	ld	b, h
                                    512 ;E:\Dropbox\FAUSTO\SVILUPPI\MSX\CODE\C\MSXgl\engine/src/bios.c:84: u8 slot = Sys_GetPageSlot((u16)cb >> 14);
                                    513 ;	spillPairReg hl
                                    514 ;	spillPairReg hl
                                    515 ;	spillPairReg hl
                                    516 ;	spillPairReg hl
    0000000A 7A               [ 4]  517 	ld	a, d
    0000000B 07               [ 4]  518 	rlca
    0000000C 07               [ 4]  519 	rlca
    0000000D E6 03            [ 7]  520 	and	a, #0x03
    0000000F 6F               [ 4]  521 	ld	l, a
                                    522 ;	spillPairReg hl
                                    523 ;	spillPairReg hl
                                    524 ;	spillPairReg hl
                                    525 ;	spillPairReg hl
    00000010 C5               [11]  526 	push	bc
    00000011 D5               [11]  527 	push	de
    00000012 7D               [ 4]  528 	ld	a, l
    00000013 CDr00r00         [17]  529 	call	_Sys_GetPageSlot
    00000016 D1               [10]  530 	pop	de
    00000017 C1               [10]  531 	pop	bc
                                    532 ;E:\Dropbox\FAUSTO\SVILUPPI\MSX\CODE\C\MSXgl\engine/src/bios.c:85: BIOS_SetHookInterSlotCallback(hook, slot, cb);
                                    533 ;E:\Dropbox\FAUSTO\SVILUPPI\MSX\CODE\C\MSXgl\engine/src/bios_hook.h:58: *((u8*)hook) = 0xF7; // RST #30
    00000018 69               [ 4]  534 	ld	l, c
                                    535 ;	spillPairReg hl
                                    536 ;	spillPairReg hl
    00000019 60               [ 4]  537 	ld	h, b
                                    538 ;	spillPairReg hl
                                    539 ;	spillPairReg hl
    0000001A 36 F7            [10]  540 	ld	(hl), #0xf7
                                    541 ;E:\Dropbox\FAUSTO\SVILUPPI\MSX\CODE\C\MSXgl\engine/src/bios_hook.h:59: *((u8*)++hook) = slot; // Slot ID
    0000001C 03               [ 6]  542 	inc	bc
    0000001D 69               [ 4]  543 	ld	l, c
                                    544 ;	spillPairReg hl
                                    545 ;	spillPairReg hl
    0000001E 60               [ 4]  546 	ld	h, b
                                    547 ;	spillPairReg hl
                                    548 ;	spillPairReg hl
    0000001F 77               [ 7]  549 	ld	(hl), a
                                    550 ;E:\Dropbox\FAUSTO\SVILUPPI\MSX\CODE\C\MSXgl\engine/src/bios_hook.h:60: *((callback*)++hook) = cb; // Callback address
    00000020 03               [ 6]  551 	inc	bc
    00000021 7B               [ 4]  552 	ld	a, e
    00000022 02               [ 7]  553 	ld	(bc), a
    00000023 03               [ 6]  554 	inc	bc
    00000024 7A               [ 4]  555 	ld	a, d
    00000025 02               [ 7]  556 	ld	(bc), a
                                    557 ;E:\Dropbox\FAUSTO\SVILUPPI\MSX\CODE\C\MSXgl\engine/src/bios.c:85: BIOS_SetHookInterSlotCallback(hook, slot, cb);
                                    558 ;E:\Dropbox\FAUSTO\SVILUPPI\MSX\CODE\C\MSXgl\engine/src/bios.c:86: }
    00000026 C9               [10]  559 	ret
                                    560 ;E:\Dropbox\FAUSTO\SVILUPPI\MSX\CODE\C\MSXgl\engine/src/bios.c:135: u8 BIOS_InterSlotRead(u8 slot, u16 addr) __NAKED
                                    561 ;	---------------------------------
                                    562 ; Function BIOS_InterSlotRead
                                    563 ; ---------------------------------
    00000027                        564 _BIOS_InterSlotRead::
                                    565 ;E:\Dropbox\FAUSTO\SVILUPPI\MSX\CODE\C\MSXgl\engine/src/bios.c:145: __endasm;
    00000027 EB               [ 4]  566 	ex	de, hl
    00000028 CD 0C 00         [17]  567 	call	0x000C
    0000002B FB               [ 4]  568 	ei
    0000002C C9               [10]  569 	ret
                                    570 ;E:\Dropbox\FAUSTO\SVILUPPI\MSX\CODE\C\MSXgl\engine/src/bios.c:146: }
                                    571 ;E:\Dropbox\FAUSTO\SVILUPPI\MSX\CODE\C\MSXgl\engine/src/bios.c:174: void BIOS_InterSlotWrite(u8 slot, u16 addr, u8 value)
                                    572 ;	---------------------------------
                                    573 ; Function BIOS_InterSlotWrite
                                    574 ; ---------------------------------
    0000002D                        575 _BIOS_InterSlotWrite::
                                    576 ;E:\Dropbox\FAUSTO\SVILUPPI\MSX\CODE\C\MSXgl\engine/src/bios.c:191: __endasm;
    0000002D FD E5            [15]  577 	push	iy
    0000002F FD 21 04 00      [14]  578 	ld	iy, #4
    00000033 FD 39            [15]  579 	add	iy, sp
    00000035 6B               [ 4]  580 	ld	l, e
    00000036 62               [ 4]  581 	ld	h, d
    00000037 FD 5E 00         [19]  582 	ld	e, 0(iy)
    0000003A CD 14 00         [17]  583 	call	0x0014
    0000003D FD E1            [14]  584 	pop	iy
    0000003F FB               [ 4]  585 	ei
                                    586 ;E:\Dropbox\FAUSTO\SVILUPPI\MSX\CODE\C\MSXgl\engine/src/bios.c:192: }
    00000040 E1               [10]  587 	pop	hl
    00000041 33               [ 6]  588 	inc	sp
    00000042 E9               [ 4]  589 	jp	(hl)
                                    590 ;E:\Dropbox\FAUSTO\SVILUPPI\MSX\CODE\C\MSXgl\engine/src/bios.c:211: void BIOS_InterSlotCall(u8 slot, u16 addr)
                                    591 ;	---------------------------------
                                    592 ; Function BIOS_InterSlotCall
                                    593 ; ---------------------------------
    00000043                        594 _BIOS_InterSlotCall::
                                    595 ;E:\Dropbox\FAUSTO\SVILUPPI\MSX\CODE\C\MSXgl\engine/src/bios.c:230: __endasm;
    00000043 DD E5            [15]  596 	push	ix
    00000045 2E 00            [ 7]  597 	ld	l, #0
    00000047 67               [ 4]  598 	ld	h, a
    00000048 E5               [11]  599 	push	hl
    00000049 FD E1            [14]  600 	pop	iy
    0000004B D5               [11]  601 	push	de
    0000004C DD E1            [14]  602 	pop	ix
    0000004E CD 1C 00         [17]  603 	call	0x001C
    00000051 FB               [ 4]  604 	ei
    00000052 DD E1            [14]  605 	pop	ix
                                    606 ;E:\Dropbox\FAUSTO\SVILUPPI\MSX\CODE\C\MSXgl\engine/src/bios.c:231: }
    00000054 C9               [10]  607 	ret
                                    608 ;E:\Dropbox\FAUSTO\SVILUPPI\MSX\CODE\C\MSXgl\engine/src/bios.c:250: void BIOS_SwitchSlot(u8 page, u8 slot)
                                    609 ;	---------------------------------
                                    610 ; Function BIOS_SwitchSlot
                                    611 ; ---------------------------------
    00000055                        612 _BIOS_SwitchSlot::
                                    613 ;E:\Dropbox\FAUSTO\SVILUPPI\MSX\CODE\C\MSXgl\engine/src/bios.c:262: __endasm;
    00000055 0F               [ 4]  614 	rrca	
    00000056 0F               [ 4]  615 	rrca 
    00000057 E6 C0            [ 7]  616 	and a, #0xC0
    00000059 44               [ 4]  617 	ld	b, h
    0000005A 67               [ 4]  618 	ld	h, a
    0000005B 78               [ 4]  619 	ld	a, b
    0000005C CD 24 00         [17]  620 	call	0x0024
    0000005F FB               [ 4]  621 	ei
                                    622 ;E:\Dropbox\FAUSTO\SVILUPPI\MSX\CODE\C\MSXgl\engine/src/bios.c:263: }
    00000060 C9               [10]  623 	ret
                                    624 ;E:\Dropbox\FAUSTO\SVILUPPI\MSX\CODE\C\MSXgl\engine/src/bios.c:343: void BIOS_WriteVDP(u8 reg, u8 value)
                                    625 ;	---------------------------------
                                    626 ; Function BIOS_WriteVDP
                                    627 ; ---------------------------------
    00000061                        628 _BIOS_WriteVDP::
                                    629 ;E:\Dropbox\FAUSTO\SVILUPPI\MSX\CODE\C\MSXgl\engine/src/bios.c:352: __endasm;
    00000061 4F               [ 4]  630 	ld	c, a
    00000062 45               [ 4]  631 	ld	b, l
    00000063 CD 47 00         [17]  632 	call	0x0047
                                    633 ;E:\Dropbox\FAUSTO\SVILUPPI\MSX\CODE\C\MSXgl\engine/src/bios.c:353: }
    00000066 C9               [10]  634 	ret
                                    635 ;E:\Dropbox\FAUSTO\SVILUPPI\MSX\CODE\C\MSXgl\engine/src/bios.c:374: void BIOS_WriteVRAM(u8 value, u16 addr)
                                    636 ;	---------------------------------
                                    637 ; Function BIOS_WriteVRAM
                                    638 ; ---------------------------------
    00000067                        639 _BIOS_WriteVRAM::
                                    640 ;E:\Dropbox\FAUSTO\SVILUPPI\MSX\CODE\C\MSXgl\engine/src/bios.c:382: __endasm;
    00000067 EB               [ 4]  641 	ex	de, hl
    00000068 CD 4D 00         [17]  642 	call	0x004D
                                    643 ;E:\Dropbox\FAUSTO\SVILUPPI\MSX\CODE\C\MSXgl\engine/src/bios.c:383: }
    0000006B C9               [10]  644 	ret
                                    645 ;E:\Dropbox\FAUSTO\SVILUPPI\MSX\CODE\C\MSXgl\engine/src/bios.c:415: void BIOS_FillVRAM(u16 addr, u16 length, u8 value)
                                    646 ;	---------------------------------
                                    647 ; Function BIOS_FillVRAM
                                    648 ; ---------------------------------
    0000006C                        649 _BIOS_FillVRAM::
                                    650 ;E:\Dropbox\FAUSTO\SVILUPPI\MSX\CODE\C\MSXgl\engine/src/bios.c:429: __endasm;
    0000006C FD 21 02 00      [14]  651 	ld	iy, #2
    00000070 FD 39            [15]  652 	add	iy, sp
    00000072 4B               [ 4]  653 	ld	c, e
    00000073 42               [ 4]  654 	ld	b, d
    00000074 FD 7E 00         [19]  655 	ld	a, 0(iy)
    00000077 CD 56 00         [17]  656 	call	0x0056
                                    657 ;E:\Dropbox\FAUSTO\SVILUPPI\MSX\CODE\C\MSXgl\engine/src/bios.c:430: }
    0000007A E1               [10]  658 	pop	hl
    0000007B 33               [ 6]  659 	inc	sp
    0000007C E9               [ 4]  660 	jp	(hl)
                                    661 ;E:\Dropbox\FAUSTO\SVILUPPI\MSX\CODE\C\MSXgl\engine/src/bios.c:441: void BIOS_CopyVRAMtoRAM(u16 vram, void* ram, u16 length)
                                    662 ;	---------------------------------
                                    663 ; Function BIOS_CopyVRAMtoRAM
                                    664 ; ---------------------------------
    0000007D                        665 _BIOS_CopyVRAMtoRAM::
                                    666 ;E:\Dropbox\FAUSTO\SVILUPPI\MSX\CODE\C\MSXgl\engine/src/bios.c:454: __endasm;
    0000007D FD 21 02 00      [14]  667 	ld	iy, #2
    00000081 FD 39            [15]  668 	add	iy, sp
    00000083 FD 4E 00         [19]  669 	ld	c, 0(iy)
    00000086 FD 46 01         [19]  670 	ld	b, 1(iy)
    00000089 CD 59 00         [17]  671 	call	0x0059
                                    672 ;E:\Dropbox\FAUSTO\SVILUPPI\MSX\CODE\C\MSXgl\engine/src/bios.c:455: }
    0000008C E1               [10]  673 	pop	hl
    0000008D F1               [10]  674 	pop	af
    0000008E E9               [ 4]  675 	jp	(hl)
                                    676 ;E:\Dropbox\FAUSTO\SVILUPPI\MSX\CODE\C\MSXgl\engine/src/bios.c:466: void BIOS_CopyRAMtoVRAM(const void* ram, u16 vram, u16 length)
                                    677 ;	---------------------------------
                                    678 ; Function BIOS_CopyRAMtoVRAM
                                    679 ; ---------------------------------
    0000008F                        680 _BIOS_CopyRAMtoVRAM::
                                    681 ;E:\Dropbox\FAUSTO\SVILUPPI\MSX\CODE\C\MSXgl\engine/src/bios.c:479: __endasm;
    0000008F FD 21 02 00      [14]  682 	ld	iy, #2
    00000093 FD 39            [15]  683 	add	iy, sp
    00000095 FD 4E 00         [19]  684 	ld	c, 0(iy)
    00000098 FD 46 01         [19]  685 	ld	b, 1(iy)
    0000009B CD 5C 00         [17]  686 	call	0x005C
                                    687 ;E:\Dropbox\FAUSTO\SVILUPPI\MSX\CODE\C\MSXgl\engine/src/bios.c:480: }
    0000009E E1               [10]  688 	pop	hl
    0000009F F1               [10]  689 	pop	af
    000000A0 E9               [ 4]  690 	jp	(hl)
                                    691 ;E:\Dropbox\FAUSTO\SVILUPPI\MSX\CODE\C\MSXgl\engine/src/bios.c:571: void BIOS_InitScreen3Ex(u16 pnt, u16 ct, u16 pgt, u16 sat, u16 sgt, u8 text, u8 bg, u8 border)
                                    692 ;	---------------------------------
                                    693 ; Function BIOS_InitScreen3Ex
                                    694 ; ---------------------------------
    000000A1                        695 _BIOS_InitScreen3Ex::
    000000A1 DD E5            [15]  696 	push	ix
    000000A3 DD 21 00 00      [14]  697 	ld	ix,#0
    000000A7 DD 39            [15]  698 	add	ix,sp
    000000A9 22 D1 F3         [16]  699 	ld	(_g_MLTNAM), hl
    000000AC ED 53 D3 F3      [20]  700 	ld	(_g_MLTCOL), de
                                    701 ;E:\Dropbox\FAUSTO\SVILUPPI\MSX\CODE\C\MSXgl\engine/src/bios.c:575: g_MLTCGP = pgt;    // Address of pattern generator table
    000000B0 DD 6E 04         [19]  702 	ld	l, 4 (ix)
    000000B3 DD 66 05         [19]  703 	ld	h, 5 (ix)
    000000B6 22 D5 F3         [16]  704 	ld	(_g_MLTCGP), hl
                                    705 ;E:\Dropbox\FAUSTO\SVILUPPI\MSX\CODE\C\MSXgl\engine/src/bios.c:576: g_MLTATR = sat;    // Address of sprite attribute table
    000000B9 DD 6E 06         [19]  706 	ld	l, 6 (ix)
    000000BC DD 66 07         [19]  707 	ld	h, 7 (ix)
    000000BF 22 D7 F3         [16]  708 	ld	(_g_MLTATR), hl
                                    709 ;E:\Dropbox\FAUSTO\SVILUPPI\MSX\CODE\C\MSXgl\engine/src/bios.c:577: g_MLTPAT = sgt;    // Address of sprite generator table
    000000C2 DD 6E 08         [19]  710 	ld	l, 8 (ix)
    000000C5 DD 66 09         [19]  711 	ld	h, 9 (ix)
    000000C8 22 D9 F3         [16]  712 	ld	(_g_MLTPAT), hl
                                    713 ;E:\Dropbox\FAUSTO\SVILUPPI\MSX\CODE\C\MSXgl\engine/src/bios.c:578: g_FORCLR = text;   // Text color
    000000CB DD 7E 0A         [19]  714 	ld	a, 10 (ix)
    000000CE 32 E9 F3         [13]  715 	ld	(_g_FORCLR+0), a
                                    716 ;E:\Dropbox\FAUSTO\SVILUPPI\MSX\CODE\C\MSXgl\engine/src/bios.c:579: g_BAKCLR = bg;     // Background color
    000000D1 DD 7E 0B         [19]  717 	ld	a, 11 (ix)
    000000D4 32 EA F3         [13]  718 	ld	(_g_BAKCLR+0), a
                                    719 ;E:\Dropbox\FAUSTO\SVILUPPI\MSX\CODE\C\MSXgl\engine/src/bios.c:580: g_BDRCLR = border; // Border color
    000000D7 DD 7E 0C         [19]  720 	ld	a, 12 (ix)
    000000DA 32 EB F3         [13]  721 	ld	(_g_BDRCLR+0), a
                                    722 ;E:\Dropbox\FAUSTO\SVILUPPI\MSX\CODE\C\MSXgl\engine/src/system.h:231: inline void Call(u16 addr) { ((void(*)(void))addr)(); }
    000000DD CD 75 00         [17]  723 	call	0x0075
                                    724 ;E:\Dropbox\FAUSTO\SVILUPPI\MSX\CODE\C\MSXgl\engine/src/bios.c:581: Call(R_INIMLT);
                                    725 ;E:\Dropbox\FAUSTO\SVILUPPI\MSX\CODE\C\MSXgl\engine/src/bios.c:582: }
    000000E0 DD E1            [14]  726 	pop	ix
    000000E2 E1               [10]  727 	pop	hl
    000000E3 FD 21 09 00      [14]  728 	ld	iy, #9
    000000E7 FD 39            [15]  729 	add	iy, sp
    000000E9 FD F9            [10]  730 	ld	sp, iy
    000000EB E9               [ 4]  731 	jp	(hl)
                                    732 ;E:\Dropbox\FAUSTO\SVILUPPI\MSX\CODE\C\MSXgl\engine/src/bios.c:623: u16 BIOS_GetSpritePatternAddress(u8 id) __NAKED
                                    733 ;	---------------------------------
                                    734 ; Function BIOS_GetSpritePatternAddress
                                    735 ; ---------------------------------
    000000EC                        736 _BIOS_GetSpritePatternAddress::
                                    737 ;E:\Dropbox\FAUSTO\SVILUPPI\MSX\CODE\C\MSXgl\engine/src/bios.c:631: __endasm;
    000000EC CD 84 00         [17]  738 	call	0x0084
    000000EF EB               [ 4]  739 	ex	de, hl
    000000F0 C9               [10]  740 	ret
                                    741 ;E:\Dropbox\FAUSTO\SVILUPPI\MSX\CODE\C\MSXgl\engine/src/bios.c:632: }
                                    742 ;E:\Dropbox\FAUSTO\SVILUPPI\MSX\CODE\C\MSXgl\engine/src/bios.c:641: u16 BIOS_GetSpriteAttributeAddress(u8 id) __NAKED
                                    743 ;	---------------------------------
                                    744 ; Function BIOS_GetSpriteAttributeAddress
                                    745 ; ---------------------------------
    000000F1                        746 _BIOS_GetSpriteAttributeAddress::
                                    747 ;E:\Dropbox\FAUSTO\SVILUPPI\MSX\CODE\C\MSXgl\engine/src/bios.c:649: __endasm;
    000000F1 CD 87 00         [17]  748 	call	0x0087
    000000F4 EB               [ 4]  749 	ex	de, hl
    000000F5 C9               [10]  750 	ret
                                    751 ;E:\Dropbox\FAUSTO\SVILUPPI\MSX\CODE\C\MSXgl\engine/src/bios.c:650: }
                                    752 ;E:\Dropbox\FAUSTO\SVILUPPI\MSX\CODE\C\MSXgl\engine/src/bios.c:693: void BIOS_WritePSG(u8 reg, u8 value)
                                    753 ;	---------------------------------
                                    754 ; Function BIOS_WritePSG
                                    755 ; ---------------------------------
    000000F6                        756 _BIOS_WritePSG::
                                    757 ;E:\Dropbox\FAUSTO\SVILUPPI\MSX\CODE\C\MSXgl\engine/src/bios.c:701: __endasm;	
    000000F6 5D               [ 4]  758 	ld	e, l
    000000F7 CD 93 00         [17]  759 	call	0x0093
                                    760 ;E:\Dropbox\FAUSTO\SVILUPPI\MSX\CODE\C\MSXgl\engine/src/bios.c:702: }
    000000FA C9               [10]  761 	ret
                                    762 ;E:\Dropbox\FAUSTO\SVILUPPI\MSX\CODE\C\MSXgl\engine/src/bios.c:719: u8 BIOS_HasCharacter() __NAKED
                                    763 ;	---------------------------------
                                    764 ; Function BIOS_HasCharacter
                                    765 ; ---------------------------------
    000000FB                        766 _BIOS_HasCharacter::
                                    767 ;E:\Dropbox\FAUSTO\SVILUPPI\MSX\CODE\C\MSXgl\engine/src/bios.c:727: __endasm;
    000000FB 2E 00            [ 7]  768 	ld	l, #0
    000000FD CD 9C 00         [17]  769 	call	0x009C
    00000100 C8               [11]  770 	ret	z
    00000101 CD 9F 00         [17]  771 	call	0x009F
    00000104 C9               [10]  772 	ret
                                    773 ;E:\Dropbox\FAUSTO\SVILUPPI\MSX\CODE\C\MSXgl\engine/src/bios.c:728: }
                                    774 ;E:\Dropbox\FAUSTO\SVILUPPI\MSX\CODE\C\MSXgl\engine/src/bios.c:829: void BIOS_ClearScreen()
                                    775 ;	---------------------------------
                                    776 ; Function BIOS_ClearScreen
                                    777 ; ---------------------------------
    00000105                        778 _BIOS_ClearScreen::
                                    779 ;E:\Dropbox\FAUSTO\SVILUPPI\MSX\CODE\C\MSXgl\engine/src/bios.c:834: __endasm;
    00000105 AF               [ 4]  780 	xor	a, a
    00000106 CD C3 00         [17]  781 	call	0x00C3
                                    782 ;E:\Dropbox\FAUSTO\SVILUPPI\MSX\CODE\C\MSXgl\engine/src/bios.c:835: }
    00000109 C9               [10]  783 	ret
                                    784 ;E:\Dropbox\FAUSTO\SVILUPPI\MSX\CODE\C\MSXgl\engine/src/bios.c:844: void BIOS_TextSetCursor(u8 x, u8 y)
                                    785 ;	---------------------------------
                                    786 ; Function BIOS_TextSetCursor
                                    787 ; ---------------------------------
    0000010A                        788 _BIOS_TextSetCursor::
                                    789 ;E:\Dropbox\FAUSTO\SVILUPPI\MSX\CODE\C\MSXgl\engine/src/bios.c:852: __endasm;	
    0000010A 67               [ 4]  790 	ld	h, a
    0000010B CD C6 00         [17]  791 	call	0x00C6
                                    792 ;E:\Dropbox\FAUSTO\SVILUPPI\MSX\CODE\C\MSXgl\engine/src/bios.c:853: }
    0000010E C9               [10]  793 	ret
                                    794 	.area _CODE
                                    795 	.area _INITIALIZER
                                    796 	.area _CABS (ABS)
