ASxxxx Linker V03.00 + NoICE + sdld,  page 1.
Hexadecimal  [32-Bits]

Area                                    Addr        Size        Decimal Bytes (Attributes)
--------------------------------        ----        ----        ------- ----- ------------
.  .ABS.                            00000000    00000000 =           0. bytes (ABS,CON)

      Value  Global                              Global Defined In Module
      -----  --------------------------------   ------------------------
     00000000  .__.ABS.                           
     00000000  _g_SUBRID                          bios
     00000000  l__BSEG                         
     00000000  l__BSS                          
     00000000  l__CABS                         
     00000000  l__DABS                         
     00000000  l__GSFINAL                      
     00000000  l__GSINIT                       
     00000000  l__HEADER                       
     00000000  l__HEADER0                      
     00000000  l__HEAP                         
     00000000  l__HOME                         
     00000000  l__RODATA                       
     00000000  s__CABS                         
     00000000  s__DABS                         
     00000000  s__HEADER                       
     00000000  s__HEADER0                      
     00000002  _g_STRSRC                          bios
     00000004  _g_CGTABL                          system
     00000006  _g_VDP_DR                          system
     00000007  _g_VDP_DW                          system
     00000016  l__INITIALIZED                  
     00000016  l__INITIALIZER                  
     0000002B  _g_BASRVN                          system
     0000002B  _g_ROMVersion                      system
     0000002D  _g_MSXVER                          system
     0000002E  _g_MSXMID                          system
     00000034  _g_CHAR_16                         system
     00000147  l__DATA                         
     000002F4  l__SEG4                         
     00001C90  l__SEG5                         
     000024B5  l__CODE                         
     00004000  s__CODE                         
     000064B5  s__HOME                         
     000064B5  s__INITIALIZER                  
     000064B5  s__RODATA                       
     000064CB  s__GSFINAL                      
     000064CB  s__GSINIT                       
     0000C000  s__DATA                         
     0000C00B  _ScreenPos                         soccerlg
     0000C147  s__INITIALIZED                  
     0000C15D  s__BSEG                         
     0000C15D  s__BSS                          
     0000C15D  s__HEAP                         
     0000F30F  _g_KANJTABLE                       bios
     0000F323  _g_DISKVE                          bios
     0000F325  _g_BREAKV                          bios
     0000F341  _g_RAMAD0                          bios
     0000F342  _g_RAMAD1                          bios
     0000F343  _g_RAMAD2                          bios
ASxxxx Linker V03.00 + NoICE + sdld,  page 2.
Hexadecimal  [32-Bits]

Area                                    Addr        Size        Decimal Bytes (Attributes)
--------------------------------        ----        ----        ------- ----- ------------
.  .ABS.                            00000000    00000000 =           0. bytes (ABS,CON)

      Value  Global                              Global Defined In Module
      -----  --------------------------------   ------------------------
     0000F344  _g_RAMAD3                          bios
     0000F348  _g_MASTER                          bios
     0000F37D  _g_BDOS                            bios
     0000F380  _g_RDPRIM                          system
     0000F385  _g_WRPRIM                          system
     0000F38C  _g_CLPRIM                          system
     0000F39A  _g_USRTAB                          system
     0000F3AE  _g_LINL40                          system
     0000F3AF  _g_LINL32                          system
     0000F3B0  _g_LINLEN                          system
     0000F3B1  _g_CRTCNT                          system
     0000F3B2  _g_CLMLST                          system
     0000F3B3  _g_TXTNAM                          system
     0000F3B5  _g_TXTCOL                          system
     0000F3B7  _g_TXTCGP                          system
     0000F3B9  _g_TXTATR                          system
     0000F3BB  _g_TXTPAT                          system
     0000F3BD  _g_T32NAM                          system
     0000F3BF  _g_T32COL                          system
     0000F3C1  _g_T32CGP                          system
     0000F3C3  _g_T32ATR                          system
     0000F3C5  _g_T32PAT                          system
     0000F3C7  _g_GRPNAM                          system
     0000F3C9  _g_GRPCOL                          system
     0000F3CB  _g_GRPCGP                          system
     0000F3CD  _g_GRPATR                          system
     0000F3CF  _g_GRPPAT                          system
     0000F3D1  _g_MLTNAM                          system
     0000F3D3  _g_MLTCOL                          system
     0000F3D5  _g_MLTCGP                          system
     0000F3D7  _g_MLTATR                          system
     0000F3D9  _g_MLTPAT                          system
     0000F3DB  _g_CLIKSW                          system
     0000F3DC  _g_CSRY                            system
     0000F3DD  _g_CSRX                            system
     0000F3DE  _g_CNSDFG                          system
     0000F3DF  _g_RG0SAV                          system
     0000F3E0  _g_RG1SAV                          system
     0000F3E1  _g_RG2SAV                          system
     0000F3E2  _g_RG3SAV                          system
     0000F3E3  _g_RG4SAV                          system
     0000F3E4  _g_RG5SAV                          system
     0000F3E5  _g_RG6SAV                          system
     0000F3E6  _g_RG7SAV                          system
     0000F3E7  _g_STATFL                          system
     0000F3E8  _g_TRGFLG                          system
     0000F3E9  _g_FORCLR                          system
     0000F3EA  _g_BAKCLR                          system
     0000F3EB  _g_BDRCLR                          system
     0000F3EC  _g_MAXUPD                          system
     0000F3EF  _g_MINUPD                          system
ASxxxx Linker V03.00 + NoICE + sdld,  page 3.
Hexadecimal  [32-Bits]

Area                                    Addr        Size        Decimal Bytes (Attributes)
--------------------------------        ----        ----        ------- ----- ------------
.  .ABS.                            00000000    00000000 =           0. bytes (ABS,CON)

      Value  Global                              Global Defined In Module
      -----  --------------------------------   ------------------------
     0000F3F2  _g_ATRBYT                          system
     0000F3F3  _g_QUEUES                          system
     0000F3F5  _g_FRCNEW                          system
     0000F3F6  _g_SCNCNT                          system
     0000F3F7  _g_REPCNT                          system
     0000F3F8  _g_PUTPNT                          system
     0000F3FA  _g_GETPNT                          system
     0000F3FC  _g_CS120                           system
     0000F401  _g_CS240                           system
     0000F406  _g_LOW                             system
     0000F408  _g_HIGH                            system
     0000F40A  _g_HEADER                          system
     0000F40B  _g_ASPCT1                          system
     0000F40D  _g_ASPCT2                          system
     0000F87F  _g_FNKSTR                          system
     0000F92A  _g_CLOC                            system
     0000F92C  _g_CMASK                           system
     0000F959  _g_QUETAB                          system
     0000F971  _g_QUEBAK                          system
     0000F975  _g_VOICAQ                          system
     0000F9F5  _g_VOICBQ                          system
     0000FA75  _g_VOICCQ                          system
     0000FAF5  _g_DPPAGE                          system
     0000FAF5  _g_RS2IQ                           system
     0000FAF6  _g_ACPAGE                          system
     0000FAF7  _g_AVCSAV                          system
     0000FAF8  _g_EXBRSA                          system
     0000FAF9  _g_CHRCNT                          system
     0000FAFA  _g_ROMA                            system
     0000FAFC  _g_MODE                            system
     0000FAFD  _g_NORUSE                          system
     0000FAFE  _g_XSAVE                           system
     0000FB00  _g_YSAVE                           system
     0000FB02  _g_LOGOPR                          system
     0000FB03  _g_RSTMP                           system
     0000FB03  _g_TOCNT                           system
     0000FB04  _g_RSFCB                           system
     0000FB06  _g_RSIQLN                          system
     0000FB07  _g_MEXBIh                          system
     0000FB0C  _g_OLDINT                          system
     0000FB0C  _g_OLDSTT                          system
     0000FB16  _g_DEVNUM                          system
     0000FB17  _g_DATCNT                          system
     0000FB1A  _g_ERRORS                          system
     0000FB1B  _g_FLAGS                           system
     0000FB1C  _g_ESTBLS                          system
     0000FB1D  _g_COMMSK                          system
     0000FB1E  _g_LSTCOM                          system
     0000FB1F  _g_LSTMOD                          system
     0000FB35  _g_PRSCNT                          system
     0000FB36  _g_SAVSP                           system
ASxxxx Linker V03.00 + NoICE + sdld,  page 4.
Hexadecimal  [32-Bits]

Area                                    Addr        Size        Decimal Bytes (Attributes)
--------------------------------        ----        ----        ------- ----- ------------
.  .ABS.                            00000000    00000000 =           0. bytes (ABS,CON)

      Value  Global                              Global Defined In Module
      -----  --------------------------------   ------------------------
     0000FB38  _g_VOICEN                          system
     0000FB39  _g_SAVVOL                          system
     0000FB3B  _g_MCLLEN                          system
     0000FB3C  _g_MCLPTR                          system
     0000FB3E  _g_QUEUEN                          system
     0000FB3F  _g_MUSICF                          system
     0000FB40  _g_PLYCNT                          system
     0000FB41  _g_VCBA                            system
     0000FB66  _g_VCBB                            system
     0000FB8B  _g_VCBC                            system
     0000FBB0  _g_ENSTOP                          system
     0000FBB1  _g_BASROM                          system
     0000FBB2  _g_LINTTB                          system
     0000FBCA  _g_FSTPOS                          system
     0000FBCC  _g_CODSAV                          system
     0000FBCD  _g_FNKSWI                          system
     0000FBCE  _g_FNKFLG                          system
     0000FBD8  _g_ONGSBF                          system
     0000FBD9  _g_CLIKFL                          system
     0000FBDA  _g_OLDKEY                          system
     0000FBE5  _g_NEWKEY                          system
     0000FBF0  _g_KEYBUF                          system
     0000FC18  _g_LINWRK                          system
     0000FC40  _g_PATWRK                          system
     0000FC48  _g_BOTTOM                          system
     0000FC4A  _g_HIMEM                           system
     0000FC4C  _g_TRPTBL                          system
     0000FC9A  _g_RTYCNT                          system
     0000FC9B  _g_INTFLG                          system
     0000FC9C  _g_PADY                            system
     0000FC9D  _g_PADX                            system
     0000FC9E  _g_JIFFY                           system
     0000FCA0  _g_INTVAL                          system
     0000FCA2  _g_INTCNT                          system
     0000FCA4  _g_LOWLIM                          system
     0000FCA5  _g_WINWID                          system
     0000FCA6  _g_GRPHED                          system
     0000FCA7  _g_ESCCNT                          system
     0000FCA8  _g_INSFLG                          system
     0000FCA9  _g_CSRSW                           system
     0000FCAA  _g_CSTYLE                          system
     0000FCAB  _g_CAPST                           system
     0000FCAC  _g_KANAST                          system
     0000FCAD  _g_KANAMD                          system
     0000FCAE  _g_FLBMEM                          system
     0000FCAF  _g_SCRMOD                          system
     0000FCB0  _g_OLDSCR                          system
     0000FCB1  _g_CASPRV                          system
     0000FCB2  _g_BRDATR                          system
     0000FCB3  _g_GXPOS                           system
     0000FCB5  _g_GYPOS                           system
ASxxxx Linker V03.00 + NoICE + sdld,  page 5.
Hexadecimal  [32-Bits]

Area                                    Addr        Size        Decimal Bytes (Attributes)
--------------------------------        ----        ----        ------- ----- ------------
.  .ABS.                            00000000    00000000 =           0. bytes (ABS,CON)

      Value  Global                              Global Defined In Module
      -----  --------------------------------   ------------------------
     0000FCB7  _g_GRPACX                          system
     0000FCB9  _g_GRPACY                          system
     0000FCBB  _g_DRWFLG                          system
     0000FCBC  _g_DRWSCL                          system
     0000FCBD  _g_DRWANG                          system
     0000FCC1  _g_EXPTBL                          system
     0000FCC1  _g_MNROM                           system
     0000FCC5  _g_SLTTBL                          system
     0000FCC9  _g_SLTATR                          system
     0000FD09  _g_SLTWRK                          system
     0000FD89  _g_PROCNM                          system
     0000FFE7  _g_RG08SAV                         system
     0000FFE8  _g_RG09SAV                         system
     0000FFE9  _g_RG10SAV                         system
     0000FFEA  _g_RG11SAV                         system
     0000FFEB  _g_RG12SAV                         system
     0000FFEC  _g_RG13SAV                         system
     0000FFED  _g_RG14SAV                         system
     0000FFEE  _g_RG15SAV                         system
     0000FFEF  _g_RG16SAV                         system
     0000FFF0  _g_RG17SAV                         system
     0000FFF1  _g_RG18SAV                         system
     0000FFF2  _g_RG19SAV                         system
     0000FFF3  _g_RG20SAV                         system
     0000FFF4  _g_RG21SAV                         system
     0000FFF5  _g_RG22SAV                         system
     0000FFF6  _g_RG23SAV                         system
     0000FFF7  _g_MINROM                          system
     0000FFF8  _g_SVFFF8                          system
     0000FFFA  _g_RG25SAV                         system
     0000FFFB  _g_RG26SAV                         system
     0000FFFC  _g_RG27SAV                         system
     0000FFFD  _g_SVFFFD                          system
     0000FFFF  _g_SLTSL                           system
     0004A000  s__SEG4                         
     0005A000  s__SEG5                         

ASxxxx Linker V03.00 + NoICE + sdld,  page 6.
Hexadecimal  [32-Bits]

Area                                    Addr        Size        Decimal Bytes (Attributes)
--------------------------------        ----        ----        ------- ----- ------------
_CODE                               00004000    000024B5 =        9397. bytes (REL,CON)

      Value  Global                              Global Defined In Module
      -----  --------------------------------   ------------------------
     00004000  _g_FirstAddr                       crt0
     00004000  _g_HeaderAddr                      crt0
     00004000  crt0_rom_header                    crt0
     00004018  _g_AppSignature                    crt0
     0000402B  crt0_p1_to_p2                      crt0
     0000408B  _CallFnc_VOID                      soccerlg
     000040DA  _g_Palette                         soccerlg
     000040FA  _CallFnc_VOID_P1                   soccerlg
     0000414E  _CallFnc_VOID_P2                   soccerlg
     000041A7  _CallFnc_VOID_16_P2                soccerlg
     0000420F  _CallFnc_U8                        soccerlg
     00004260  _CallFnc_U8_P1                     soccerlg
     000042B6  _CallFnc_U16_P1                    soccerlg
     0000430A  _CallFnc_U8_P2                     soccerlg
     00004365  _CallFnc_BOOL                      soccerlg
     000043B6  _CallFnc_BOOL_P1                   soccerlg
     0000440C  _CallFnc_VOID_U8U8U16              soccerlg
     0000446D  _CallSpriteFrame_B3                soccerlg
     000044A6  _CallSpriteFrame                   soccerlg
     000044DA  _VSyncCallback                     soccerlg
     000044E0  _WaitForVBlank                     soccerlg
     000044EC  _DrawField                         soccerlg
     000046A3  _main                              soccerlg
     00004AED  _VDP_SetModeFlag                   vdp
     00004B16  _VDP_SetModeText1                  vdp
     00004B2D  _VDP_SetModeMultiColor             vdp
     00004B56  _VDP_SetModeGraphic1               vdp
     00004B87  _VDP_SetModeGraphic2               vdp
     00004BB9  _VDP_ClearVRAM                     vdp
     00004BF4  _VDP_WriteVRAM_16K                 vdp
     00004C2B  _VDP_FillVRAM_16K                  vdp
     00004C50  _VDP_ReadVRAM_16K                  vdp
     00004C86  _VDP_Peek_16K                      vdp
     00004C9B  _VDP_Poke_16K                      vdp
     00004CB3  _VDP_SetModeGraphic4               vdp
     00004CD3  _VDP_ReadStatus                    vdp
     00004CE7  _VDP_SetAdjustOffset               vdp
     00004CF1  _VDP_SetPalette                    vdp
     00004D00  _VDP_SetPaletteEntry               vdp
     00004D0F  _VDP_WriteVRAM_128K                vdp
     00004D52  _VDP_FillVRAM_128K                 vdp
     00004D8D  _VDP_ReadVRAM_128K                 vdp
     00004DD5  _VDP_Poke_128K                     vdp
     00004E00  _VDP_Peek_128K                     vdp
     00004E23  _VDP_CommandWait                   vdp
     00004E3C  _VPD_CommandSetupR32               vdp
     00004E6F  _VPD_CommandSetupR36               vdp
     00004E9A  _VPD_CommandWriteLoop              vdp
     00004EC2  _VDP_Initialize                    vdp
     00004EDE  _VDP_SetMode                       vdp
ASxxxx Linker V03.00 + NoICE + sdld,  page 7.
Hexadecimal  [32-Bits]

Area                                    Addr        Size        Decimal Bytes (Attributes)
--------------------------------        ----        ----        ------- ----- ------------
_CODE                               00004000    000024B5 =        9397. bytes (REL,CON)

      Value  Global                              Global Defined In Module
      -----  --------------------------------   ------------------------
     00004F88  _VDP_GetVersion                    vdp
     00004FD7  _VDP_RegWrite                      vdp
     00004FE3  _VDP_RegWriteBak                   vdp
     00004FF6  _VDP_RegWriteBakMask               vdp
     00005015  _VDP_ReadDefaultStatus             vdp
     00005018  _VDP_SetPage                       vdp
     00005026  _VDP_SetLayoutTable                vdp
     00005089  _VDP_SetColorTable                 vdp
     00005122  _VDP_SetPatternTable               vdp
     00005182  _VDP_SetSpriteAttributeTable       vdp
     00005225  _VDP_SetSpritePatternTable         vdp
     00005244  _VDP_LoadSpritePattern             vdp
     00005274  _VDP_SetSpriteSM1                  vdp
     000052B7  _VDP_SetSprite                     vdp
     000052F2  _VDP_SetSpriteExMultiColor         vdp
     00005356  _VDP_SetSpriteExUniColor           vdp
     000053B7  _VDP_SetSpritePosition             vdp
     000053EB  _VDP_SetSpritePositionX            vdp
     00005403  _VDP_SetSpritePositionY            vdp
     0000541A  _VDP_SetSpritePattern              vdp
     00005433  _VDP_SetSpriteColorSM1             vdp
     0000544D  _VDP_SetSpriteUniColor             vdp
     0000546A  _VDP_SetSpriteMultiColor           vdp
     00005488  _VDP_SetSpriteData                 vdp
     000054A4  _VDP_DisableSpritesFrom            vdp
     000054B5  _VDP_LoadPattern_GM2               vdp
     0000552B  _VDP_LoadColor_GM2                 vdp
     000055A1  _VDP_WriteLayout_GM2               vdp
     0000560C  _VDP_FillLayout_GM2                vdp
     00005662  _Bios_Exit                         bios
     0000566A  _Bios_SetHookCallback              bios
     00005689  _Bios_InterSlotRead                bios
     0000568E  _Bios_InterSlotWrite               bios
     000056A3  _Bios_InterSlotCall                bios
     000056B5  _Bios_SwitchSlot                   bios
     000056C0  _Bios_WriteVDP                     bios
     000056C6  _Bios_WriteVRAM                    bios
     000056D5  _Bios_FillVRAM                     bios
     000056E6  _Bios_TransfertVRAMtoRAM           bios
     000056F8  _Bios_TransfertRAMtoVRAM           bios
     0000570A  _Bios_ChangeColor                  bios
     00005723  _Bios_InitScreen0Ex                bios
     00005753  _Bios_InitScreen1Ex                bios
     0000579E  _Bios_InitScreen2Ex                bios
     000057E9  _Bios_InitScreen3Ex                bios
     00005834  _Bios_GetPatternTableAddress       bios
     00005839  _Bios_GetAttributeTableAddress     bios
     0000583E  _Bios_GraphPrintCharEx             bios
     00005865  _Bios_WritePSG                     bios
     0000586A  _Bios_HasCharacter                 bios
     00005875  _Bios_ClearScreen                  bios
ASxxxx Linker V03.00 + NoICE + sdld,  page 8.
Hexadecimal  [32-Bits]

Area                                    Addr        Size        Decimal Bytes (Attributes)
--------------------------------        ----        ----        ------- ----- ------------
_CODE                               00004000    000024B5 =        9397. bytes (REL,CON)

      Value  Global                              Global Defined In Module
      -----  --------------------------------   ------------------------
     0000587A  _Bios_SetCursorPosition            bios
     0000587F  _DEBUG_INIT                        debug
     00005880  _DEBUG_BREAK                       debug
     00005885  _DEBUG_ASSERT                      debug
     0000588B  _DEBUG_LOG                         debug
     00005899  _DEBUG_LOGNUM                      debug
     000058BF  _DEBUG_PRINT                       debug
     000058CE  _Print_SplitColor                  print
     000058DC  _g_HexChar                         print
     000058EC  _Print_MergeColor                  print
     00005903  _Print_Initialize                  print
     0000596B  _Print_SetMode                     print
     00005995  _Print_SetFont                     print
     00005A6F  _Print_InitColorBuffer             print
     00005A99  _Print_SetColor                    print
     00005AC1  _Print_ValidateChar                print
     00005B0D  _Print_ValidatePattern             print
     00005BDC  _Print_SetBitmapFont               print
     00005BE6  _DrawChar_4B                       print
     00005CAB  _DrawChar_Trans                    print
     00005DA1  _Print_Clear                       print
     00005DDD  _Print_Backspace                   print
     00005E6C  _Print_DrawChar                    print
     00005EA2  _Print_DrawCharX                   print
     00005EB4  _Print_DrawText                    print
     00005F0C  _Print_DrawBin8                    print
     00005F2F  _Print_DrawHex8                    print
     00005F55  _Print_DrawHex16                   print
     00005F60  _Print_DrawInt                     print
     00005FEC  _Print_DrawFormat                  print
     00006322  ___sdcc_call_hl                    
     00006323  ___sdcc_call_iy                    
     00006325  _Sys_GetPageSlot                   system
     00006378  _Sys_SetPageSlot                   system
     00006379  _Sys_SetPage0Slot                  system
     000063BE  _Sys_CheckSlot                     system
     00006422  __modschar                         
     0000642A  __modsint                          
     00006430  __divschar                         
     00006432  __div8                             
     00006436  __div_signexte                     
     0000643A  __div16                            
     0000643A  __divsint                          
     00006460  __get_remainder                    
     0000646A  __mulint                           
     0000646C  __mul16                            
     00006481  __divuchar                         
     00006483  __divu8                            
     00006486  __divu16                           
     00006486  __divuint                          

ASxxxx Linker V03.00 + NoICE + sdld,  page 9.
Hexadecimal  [32-Bits]

Area                                    Addr        Size        Decimal Bytes (Attributes)
--------------------------------        ----        ----        ------- ----- ------------
_INITIALIZER                        000064B5    00000016 =          22. bytes (REL,CON)

      Value  Global                              Global Defined In Module
      -----  --------------------------------   ------------------------
ASxxxx Linker V03.00 + NoICE + sdld,  page 10.
Hexadecimal  [32-Bits]

Area                                    Addr        Size        Decimal Bytes (Attributes)
--------------------------------        ----        ----        ------- ----- ------------
_GSFINAL                            000064CB    00000000 =           0. bytes (REL,CON)

      Value  Global                              Global Defined In Module
      -----  --------------------------------   ------------------------
     000064CB  _g_LastAddr                        crt0

ASxxxx Linker V03.00 + NoICE + sdld,  page 11.
Hexadecimal  [32-Bits]

Area                                    Addr        Size        Decimal Bytes (Attributes)
--------------------------------        ----        ----        ------- ----- ------------
_DATA                               0000C000    00000147 =         327. bytes (REL,CON)

      Value  Global                              Global Defined In Module
      -----  --------------------------------   ------------------------
     0000C000  _g_HeapStartAddress                crt0
     0000C002  _g_ROMSlotID                       crt0
     0000C003  _g_Bank0Segment                    crt0
     0000C005  _g_Bank1Segment                    crt0
     0000C007  _g_Bank2Segment                    crt0
     0000C007  _g_CurrentSegment                  crt0
     0000C009  _g_Bank3Segment                    crt0
     0000C00B  _g_lx                              soccerlg
     0000C01A  _g_ly                              soccerlg
     0000C029  _g_x0                              soccerlg
     0000C038  _g_x1                              soccerlg
     0000C047  _g_x2                              soccerlg
     0000C056  _g_y0                              soccerlg
     0000C074  _g_y1                              soccerlg
     0000C092  _g_y2                              soccerlg
     0000C0B0  _g_frame                           soccerlg
     0000C0CE  _g_dx                              soccerlg
     0000C0DD  _g_VDP_REGSAV                      vdp
     0000C0F9  _g_VDP_Data                        vdp
     0000C0FB  _g_VDP_Command                     vdp
     0000C10A  _g_VDP_Sprite                      vdp
     0000C10E  _g_ScreenLayoutLow                 vdp
     0000C110  _g_ScreenColorLow                  vdp
     0000C112  _g_ScreenPatternLow                vdp
     0000C114  _g_SpriteAttributeLow              vdp
     0000C116  _g_SpritePatternLow                vdp
     0000C118  _g_SpriteColorLow                  vdp
     0000C11A  _g_ScreenLayoutHigh                vdp
     0000C11B  _g_ScreenColorHigh                 vdp
     0000C11C  _g_ScreenPatternHigh               vdp
     0000C11D  _g_SpriteAttributeHigh             vdp
     0000C11E  _g_SpritePatternHigh               vdp
     0000C11F  _g_SpriteColorHigh                 vdp
     0000C120  _g_PrintData                       print

ASxxxx Linker V03.00 + NoICE + sdld,  page 12.
Hexadecimal  [32-Bits]

Area                                    Addr        Size        Decimal Bytes (Attributes)
--------------------------------        ----        ----        ------- ----- ------------
_INITIALIZED                        0000C147    00000016 =          22. bytes (REL,CON)

      Value  Global                              Global Defined In Module
      -----  --------------------------------   ------------------------
     0000C147  _g_VSynch                          soccerlg
     0000C148  _g_PageScrollY                     soccerlg
     0000C14E  _g_R23                             soccerlg
     0000C154  _g_VDPInitilized                   vdp
     0000C155  _g_PrintInvalid                    print

ASxxxx Linker V03.00 + NoICE + sdld,  page 13.
Hexadecimal  [32-Bits]

Area                                    Addr        Size        Decimal Bytes (Attributes)
--------------------------------        ----        ----        ------- ----- ------------
_SEG4                               0004A000    000002F4 =         756. bytes (REL,CON)

      Value  Global                              Global Defined In Module
      -----  --------------------------------   ------------------------
     0004A000  _g_Fonts                           soccerlg_s4_b3

ASxxxx Linker V03.00 + NoICE + sdld,  page 14.
Hexadecimal  [32-Bits]

Area                                    Addr        Size        Decimal Bytes (Attributes)
--------------------------------        ----        ----        ------- ----- ------------
_SEG5                               0005A000    00001C90 =        7312. bytes (REL,CON)

      Value  Global                              Global Defined In Module
      -----  --------------------------------   ------------------------
     0005A59A  _InitScrollPages                   soccerlg_s5_b3
     0005A5B1  _ScrollInsertRowDown               soccerlg_s5_b3
     0005A672  _ScrollInsertRowUp                 soccerlg_s5_b3
     0005A772  _UpdatePhase1                      soccerlg_s5_b3
     0005AE90  _UpdatePhase2                      soccerlg_s5_b3
     0005B590  _UpdatePhase3                      soccerlg_s5_b3
ASxxxx Linker V03.00 + NoICE + sdld,  page 15.

Files Linked                              [ module(s) ]

E:\Dropbox\FAUSTO\SVILUPPI\MSX\CODE\C\MSXgl\projects\soccerlgMSX2/out/crt0_rom_mapper.rel
                                          [ crt0 ]
E:\Dropbox\FAUSTO\SVILUPPI\MSX\CODE\C\MSXgl\projects\soccerlgMSX2/out/soccerlg.rel
                                          [ soccerlg ]
E:\Dropbox\FAUSTO\SVILUPPI\MSX\CODE\C\MSXgl\projects\soccerlgMSX2/out/soccerlg_s4_b3.rel
                                          [ soccerlg_s4_b3 ]
E:\Dropbox\FAUSTO\SVILUPPI\MSX\CODE\C\MSXgl\projects\soccerlgMSX2/out/soccerlg_s5_b3.rel
                                          [ soccerlg_s5_b3 ]


Libraries Linked                          [ object file ]

E:\Dropbox\FAUSTO\SVILUPPI\MSX\CODE\C\MSXgl\projects\soccerlgMSX2/out/msxgl.lib
                                          [ vdp.rel ]
E:\Dropbox\FAUSTO\SVILUPPI\MSX\CODE\C\MSXgl\projects\soccerlgMSX2/out/msxgl.lib
                                          [ bios.rel ]
E:\Dropbox\FAUSTO\SVILUPPI\MSX\CODE\C\MSXgl\projects\soccerlgMSX2/out/msxgl.lib
                                          [ debug.rel ]
E:\Dropbox\FAUSTO\SVILUPPI\MSX\CODE\C\MSXgl\projects\soccerlgMSX2/out/msxgl.lib
                                          [ print.rel ]
E:\Dropbox\FAUSTO\SVILUPPI\MSX\CODE\C\MSXgl\tools/sdcc/lib/z80/z80.lib
                                          [ __sdcc_call_hl.rel ]
E:\Dropbox\FAUSTO\SVILUPPI\MSX\CODE\C\MSXgl\tools/sdcc/lib/z80/z80.lib
                                          [ __sdcc_call_iy.rel ]
E:\Dropbox\FAUSTO\SVILUPPI\MSX\CODE\C\MSXgl\projects\soccerlgMSX2/out/msxgl.lib
                                          [ system.rel ]
E:\Dropbox\FAUSTO\SVILUPPI\MSX\CODE\C\MSXgl\tools/sdcc/lib/z80/z80.lib
                                          [ modsigned.rel ]
E:\Dropbox\FAUSTO\SVILUPPI\MSX\CODE\C\MSXgl\tools/sdcc/lib/z80/z80.lib
                                          [ divsigned.rel ]
E:\Dropbox\FAUSTO\SVILUPPI\MSX\CODE\C\MSXgl\tools/sdcc/lib/z80/z80.lib
                                          [ mul.rel ]
E:\Dropbox\FAUSTO\SVILUPPI\MSX\CODE\C\MSXgl\tools/sdcc/lib/z80/z80.lib
                                          [ divunsigned.rel ]

ASxxxx Linker V03.00 + NoICE + sdld,  page 16.

User Base Address Definitions

_CODE = 0x4000
_DATA = 0xc000
_SEG4=0x0004A000
_SEG5=0x0005A000

