ASxxxx Linker V03.00 + NoICE + sdld,  page 1.
Hexadecimal  [32-Bits]

Area                                    Addr        Size        Decimal Bytes (Attributes)
--------------------------------        ----        ----        ------- ----- ------------
.  .ABS.                            00000000    00000000 =           0. bytes (ABS,CON)

      Value  Global                              Global Defined In Module
      -----  --------------------------------   ------------------------
     00000000  .__.ABS.                           
     00000000  _g_SUBRID                          bios
     00000000  l__BSEG                         
     00000000  l__BSS                          
     00000000  l__CABS                         
     00000000  l__DABS                         
     00000000  l__GSFINAL                      
     00000000  l__HEADER                       
     00000000  l__HEADER0                      
     00000000  l__HEAP                         
     00000000  l__HOME                         
     00000000  l__RODATA                       
     00000000  s__CABS                         
     00000000  s__DABS                         
     00000000  s__HEADER                       
     00000000  s__HEADER0                      
     00000002  _g_STRSRC                          bios
     00000003  l__SEG14                        
     00000004  _g_CGTABL                          system
     00000006  _g_VDP_DR                          system
     00000007  _g_VDP_DW                          system
     00000008  l__GSINIT                       
     0000002B  _g_BASRVN                          system
     0000002B  _g_ROMVersion                      system
     0000002D  _g_MSXVER                          system
     0000002E  _g_MSXMID                          system
     00000034  _g_CHAR_16                         system
     00000048  l__SEG8                         
     00000054  l__INITIALIZED                  
     00000054  l__INITIALIZER                  
     00000262  l__SEG7                         
     0000033A  l__DATA                         
     0000050B  l__SEG10                        
     00000903  l__SEG13                        
     00000B20  l__SEG15                        
     00000CFD  l__SEG5                         
     00000E60  l__SEG4                         
     00001496  l__SEG12                        
     000014C2  l__SEG6                         
     00001997  l__SEG9                         
     00001B77  l__SEG16                        
     00001C70  l__SEG11                        
     000029DD  l__CODE                         
     00004000  s__CODE                         
     000069DD  s__HOME                         
     000069DD  s__INITIALIZER                  
     000069DD  s__RODATA                       
     00006A31  s__GSINIT                       
     00006A39  s__GSFINAL                      
     0000C000  s__DATA                         
ASxxxx Linker V03.00 + NoICE + sdld,  page 2.
Hexadecimal  [32-Bits]

Area                                    Addr        Size        Decimal Bytes (Attributes)
--------------------------------        ----        ----        ------- ----- ------------
.  .ABS.                            00000000    00000000 =           0. bytes (ABS,CON)

      Value  Global                              Global Defined In Module
      -----  --------------------------------   ------------------------
     0000C33A  s__INITIALIZED                  
     0000C38E  s__BSEG                         
     0000C38E  s__BSS                          
     0000C38E  s__HEAP                         
     0000F30F  _g_KANJTABLE                       bios
     0000F323  _g_DISKVE                          bios
     0000F325  _g_BREAKV                          bios
     0000F341  _g_RAMAD0                          bios
     0000F342  _g_RAMAD1                          bios
     0000F343  _g_RAMAD2                          bios
     0000F344  _g_RAMAD3                          bios
     0000F348  _g_MASTER                          bios
     0000F37D  _g_BDOS                            bios
     0000F380  _g_RDPRIM                          system
     0000F385  _g_WRPRIM                          system
     0000F38C  _g_CLPRIM                          system
     0000F39A  _g_USRTAB                          system
     0000F3AE  _g_LINL40                          system
     0000F3AF  _g_LINL32                          system
     0000F3B0  _g_LINLEN                          system
     0000F3B1  _g_CRTCNT                          system
     0000F3B2  _g_CLMLST                          system
     0000F3B3  _g_TXTNAM                          system
     0000F3B5  _g_TXTCOL                          system
     0000F3B7  _g_TXTCGP                          system
     0000F3B9  _g_TXTATR                          system
     0000F3BB  _g_TXTPAT                          system
     0000F3BD  _g_T32NAM                          system
     0000F3BF  _g_T32COL                          system
     0000F3C1  _g_T32CGP                          system
     0000F3C3  _g_T32ATR                          system
     0000F3C5  _g_T32PAT                          system
     0000F3C7  _g_GRPNAM                          system
     0000F3C9  _g_GRPCOL                          system
     0000F3CB  _g_GRPCGP                          system
     0000F3CD  _g_GRPATR                          system
     0000F3CF  _g_GRPPAT                          system
     0000F3D1  _g_MLTNAM                          system
     0000F3D3  _g_MLTCOL                          system
     0000F3D5  _g_MLTCGP                          system
     0000F3D7  _g_MLTATR                          system
     0000F3D9  _g_MLTPAT                          system
     0000F3DB  _g_CLIKSW                          system
     0000F3DC  _g_CSRY                            system
     0000F3DD  _g_CSRX                            system
     0000F3DE  _g_CNSDFG                          system
     0000F3DF  _g_RG0SAV                          system
     0000F3E0  _g_RG1SAV                          system
     0000F3E1  _g_RG2SAV                          system
     0000F3E2  _g_RG3SAV                          system
     0000F3E3  _g_RG4SAV                          system
ASxxxx Linker V03.00 + NoICE + sdld,  page 3.
Hexadecimal  [32-Bits]

Area                                    Addr        Size        Decimal Bytes (Attributes)
--------------------------------        ----        ----        ------- ----- ------------
.  .ABS.                            00000000    00000000 =           0. bytes (ABS,CON)

      Value  Global                              Global Defined In Module
      -----  --------------------------------   ------------------------
     0000F3E4  _g_RG5SAV                          system
     0000F3E5  _g_RG6SAV                          system
     0000F3E6  _g_RG7SAV                          system
     0000F3E7  _g_STATFL                          system
     0000F3E8  _g_TRGFLG                          system
     0000F3E9  _g_FORCLR                          system
     0000F3EA  _g_BAKCLR                          system
     0000F3EB  _g_BDRCLR                          system
     0000F3EC  _g_MAXUPD                          system
     0000F3EF  _g_MINUPD                          system
     0000F3F2  _g_ATRBYT                          system
     0000F3F3  _g_QUEUES                          system
     0000F3F5  _g_FRCNEW                          system
     0000F3F6  _g_SCNCNT                          system
     0000F3F7  _g_REPCNT                          system
     0000F3F8  _g_PUTPNT                          system
     0000F3FA  _g_GETPNT                          system
     0000F3FC  _g_CS120                           system
     0000F401  _g_CS240                           system
     0000F406  _g_LOW                             system
     0000F408  _g_HIGH                            system
     0000F40A  _g_HEADER                          system
     0000F40B  _g_ASPCT1                          system
     0000F40D  _g_ASPCT2                          system
     0000F87F  _g_FNKSTR                          system
     0000F92A  _g_CLOC                            system
     0000F92C  _g_CMASK                           system
     0000F959  _g_QUETAB                          system
     0000F971  _g_QUEBAK                          system
     0000F975  _g_VOICAQ                          system
     0000F9F5  _g_VOICBQ                          system
     0000FA75  _g_VOICCQ                          system
     0000FAF5  _g_DPPAGE                          system
     0000FAF5  _g_RS2IQ                           system
     0000FAF6  _g_ACPAGE                          system
     0000FAF7  _g_AVCSAV                          system
     0000FAF8  _g_EXBRSA                          system
     0000FAF9  _g_CHRCNT                          system
     0000FAFA  _g_ROMA                            system
     0000FAFC  _g_MODE                            system
     0000FAFD  _g_NORUSE                          system
     0000FAFE  _g_XSAVE                           system
     0000FB00  _g_YSAVE                           system
     0000FB02  _g_LOGOPR                          system
     0000FB03  _g_RSTMP                           system
     0000FB03  _g_TOCNT                           system
     0000FB04  _g_RSFCB                           system
     0000FB06  _g_RSIQLN                          system
     0000FB07  _g_MEXBIh                          system
     0000FB0C  _g_OLDINT                          system
     0000FB0C  _g_OLDSTT                          system
ASxxxx Linker V03.00 + NoICE + sdld,  page 4.
Hexadecimal  [32-Bits]

Area                                    Addr        Size        Decimal Bytes (Attributes)
--------------------------------        ----        ----        ------- ----- ------------
.  .ABS.                            00000000    00000000 =           0. bytes (ABS,CON)

      Value  Global                              Global Defined In Module
      -----  --------------------------------   ------------------------
     0000FB16  _g_DEVNUM                          system
     0000FB17  _g_DATCNT                          system
     0000FB1A  _g_ERRORS                          system
     0000FB1B  _g_FLAGS                           system
     0000FB1C  _g_ESTBLS                          system
     0000FB1D  _g_COMMSK                          system
     0000FB1E  _g_LSTCOM                          system
     0000FB1F  _g_LSTMOD                          system
     0000FB35  _g_PRSCNT                          system
     0000FB36  _g_SAVSP                           system
     0000FB38  _g_VOICEN                          system
     0000FB39  _g_SAVVOL                          system
     0000FB3B  _g_MCLLEN                          system
     0000FB3C  _g_MCLPTR                          system
     0000FB3E  _g_QUEUEN                          system
     0000FB3F  _g_MUSICF                          system
     0000FB40  _g_PLYCNT                          system
     0000FB41  _g_VCBA                            system
     0000FB66  _g_VCBB                            system
     0000FB8B  _g_VCBC                            system
     0000FBB0  _g_ENSTOP                          system
     0000FBB1  _g_BASROM                          system
     0000FBB2  _g_LINTTB                          system
     0000FBCA  _g_FSTPOS                          system
     0000FBCC  _g_CODSAV                          system
     0000FBCD  _g_FNKSWI                          system
     0000FBCE  _g_FNKFLG                          system
     0000FBD8  _g_ONGSBF                          system
     0000FBD9  _g_CLIKFL                          system
     0000FBDA  _g_OLDKEY                          system
     0000FBE5  _g_NEWKEY                          system
     0000FBF0  _g_KEYBUF                          system
     0000FC18  _g_LINWRK                          system
     0000FC40  _g_PATWRK                          system
     0000FC48  _g_BOTTOM                          system
     0000FC4A  _g_HIMEM                           system
     0000FC4C  _g_TRPTBL                          system
     0000FC9A  _g_RTYCNT                          system
     0000FC9B  _g_INTFLG                          system
     0000FC9C  _g_PADY                            system
     0000FC9D  _g_PADX                            system
     0000FC9E  _g_JIFFY                           system
     0000FCA0  _g_INTVAL                          system
     0000FCA2  _g_INTCNT                          system
     0000FCA4  _g_LOWLIM                          system
     0000FCA5  _g_WINWID                          system
     0000FCA6  _g_GRPHED                          system
     0000FCA7  _g_ESCCNT                          system
     0000FCA8  _g_INSFLG                          system
     0000FCA9  _g_CSRSW                           system
     0000FCAA  _g_CSTYLE                          system
ASxxxx Linker V03.00 + NoICE + sdld,  page 5.
Hexadecimal  [32-Bits]

Area                                    Addr        Size        Decimal Bytes (Attributes)
--------------------------------        ----        ----        ------- ----- ------------
.  .ABS.                            00000000    00000000 =           0. bytes (ABS,CON)

      Value  Global                              Global Defined In Module
      -----  --------------------------------   ------------------------
     0000FCAB  _g_CAPST                           system
     0000FCAC  _g_KANAST                          system
     0000FCAD  _g_KANAMD                          system
     0000FCAE  _g_FLBMEM                          system
     0000FCAF  _g_SCRMOD                          system
     0000FCB0  _g_OLDSCR                          system
     0000FCB1  _g_CASPRV                          system
     0000FCB2  _g_BRDATR                          system
     0000FCB3  _g_GXPOS                           system
     0000FCB5  _g_GYPOS                           system
     0000FCB7  _g_GRPACX                          system
     0000FCB9  _g_GRPACY                          system
     0000FCBB  _g_DRWFLG                          system
     0000FCBC  _g_DRWSCL                          system
     0000FCBD  _g_DRWANG                          system
     0000FCC1  _g_EXPTBL                          system
     0000FCC1  _g_MNROM                           system
     0000FCC5  _g_SLTTBL                          system
     0000FCC9  _g_SLTATR                          system
     0000FD09  _g_SLTWRK                          system
     0000FD89  _g_PROCNM                          system
     0000FFE7  _g_RG08SAV                         system
     0000FFE8  _g_RG09SAV                         system
     0000FFE9  _g_RG10SAV                         system
     0000FFEA  _g_RG11SAV                         system
     0000FFEB  _g_RG12SAV                         system
     0000FFEC  _g_RG13SAV                         system
     0000FFED  _g_RG14SAV                         system
     0000FFEE  _g_RG15SAV                         system
     0000FFEF  _g_RG16SAV                         system
     0000FFF0  _g_RG17SAV                         system
     0000FFF1  _g_RG18SAV                         system
     0000FFF2  _g_RG19SAV                         system
     0000FFF3  _g_RG20SAV                         system
     0000FFF4  _g_RG21SAV                         system
     0000FFF5  _g_RG22SAV                         system
     0000FFF6  _g_RG23SAV                         system
     0000FFF7  _g_MINROM                          system
     0000FFF8  _g_SVFFF8                          system
     0000FFFA  _g_RG25SAV                         system
     0000FFFB  _g_RG26SAV                         system
     0000FFFC  _g_RG27SAV                         system
     0000FFFD  _g_SVFFFD                          system
     0000FFFF  _g_SLTSL                           system
     0004A000  s__SEG4                         
     0005A000  s__SEG5                         
     0006A000  s__SEG6                         
     0007A000  s__SEG7                         
     0008A000  s__SEG8                         
     0009A000  s__SEG9                         
     000AA000  s__SEG10                        
ASxxxx Linker V03.00 + NoICE + sdld,  page 6.
Hexadecimal  [32-Bits]

Area                                    Addr        Size        Decimal Bytes (Attributes)
--------------------------------        ----        ----        ------- ----- ------------
.  .ABS.                            00000000    00000000 =           0. bytes (ABS,CON)

      Value  Global                              Global Defined In Module
      -----  --------------------------------   ------------------------
     000BA000  s__SEG11                        
     000CA000  s__SEG12                        
     000DA000  s__SEG13                        
     000EA000  s__SEG14                        
     000FA000  s__SEG15                        
     0010A000  s__SEG16                        

ASxxxx Linker V03.00 + NoICE + sdld,  page 7.
Hexadecimal  [32-Bits]

Area                                    Addr        Size        Decimal Bytes (Attributes)
--------------------------------        ----        ----        ------- ----- ------------
_CODE                               00004000    000029DD =       10717. bytes (REL,CON)

      Value  Global                              Global Defined In Module
      -----  --------------------------------   ------------------------
     00004000  _g_FirstAddr                       crt0
     00004000  _g_HeaderAddr                      crt0
     00004000  crt0_rom_header                    crt0
     00004018  _g_AppSignature                    crt0
     0000402B  crt0_p1_to_p2                      crt0
     0000408B  _CallFnc_VOID                      soccerlg
     000042DA  _g_Palette                         soccerlg
     000042FA  _g_TeamColorsArray                 soccerlg
     0000431E  _CallFnc_VOID_P1                   soccerlg
     00004372  _CallFnc_VOID_3PTR                 soccerlg
     000043E2  _CallFnc_VOID_3PTR_U16             soccerlg
     0000445E  _CallFnc_VOID_U8U16U16             soccerlg
     000044CA  _CallFnc_VOID_P2                   soccerlg
     00004523  _CallFnc_VOID_16_P1                soccerlg
     0000457C  _CallFnc_VOID_16_P2                soccerlg
     000045E4  _CallFnc_U8                        soccerlg
     00004635  _CallFnc_U8_P1                     soccerlg
     0000468B  _CallFnc_U16_P1                    soccerlg
     000046DF  _CallFnc_U16_P3                    soccerlg
     0000473E  _CallFnc_U16_P4                    soccerlg
     0000479F  _CallFnc_U16_P4B                   soccerlg
     00004800  _CallFnc_U8_P2                     soccerlg
     0000485B  _CallFnc_BOOL                      soccerlg
     000048AC  _CallFnc_BOOL_P1                   soccerlg
     00004902  _CallFnc_VOID_U8U8                 soccerlg
     0000495B  _SetTeamColors                     soccerlg
     000049B6  _AddLines                          soccerlg
     00004BD0  _CallSpriteFrame                   soccerlg
     00004BEC  SpriteFrame                        soccerlg
     00004C20  _VSyncCallback                     soccerlg
     00004C5A  _dummy                             soccerlg
     00004C62  _WaitForVBlank                     soccerlg
     00004C6E  _LoadField                         soccerlg
     00004D26  _main                              soccerlg
     0000502A  __divuchar                         
     0000502C  __divu8                            
     0000502F  __divu16                           
     0000502F  __divuint                          
     0000505E  _Print_MergeColor                  print
     00005075  _g_HexChar                         print
     00005085  _Print_Initialize                  print
     000050ED  _Print_SetMode                     print
     00005117  _Print_SetFont                     print
     000051F1  _Print_InitColorBuffer             print
     0000521B  _Print_SetColor                    print
     00005258  _Print_SetColorShade               print
     0000527D  _Print_SetBitmapFont               print
     00005287  _DrawChar_4B                       print
     00005393  _DrawChar_Trans                    print
     00005496  _Print_Clear                       print
ASxxxx Linker V03.00 + NoICE + sdld,  page 8.
Hexadecimal  [32-Bits]

Area                                    Addr        Size        Decimal Bytes (Attributes)
--------------------------------        ----        ----        ------- ----- ------------
_CODE                               00004000    000029DD =       10717. bytes (REL,CON)

      Value  Global                              Global Defined In Module
      -----  --------------------------------   ------------------------
     000054D2  _Print_Backspace                   print
     00005583  _Print_DrawChar                    print
     00005594  _Print_DrawCharX                   print
     000055A6  _Print_DrawText                    print
     0000560A  _Print_DrawBin8                    print
     0000562D  _Print_DrawHex8                    print
     00005653  _Print_DrawHex16                   print
     0000565E  _Print_DrawInt                     print
     000056EA  _Print_DrawFormat                  print
     00005A29  _VDP_SetModeFlag                   vdp
     00005A52  _VDP_SetModeText1                  vdp
     00005A69  _VDP_SetModeMultiColor             vdp
     00005A92  _VDP_SetModeGraphic1               vdp
     00005AC3  _VDP_SetModeGraphic2               vdp
     00005AF5  _VDP_ClearVRAM                     vdp
     00005B30  _VDP_WriteVRAM_16K                 vdp
     00005B67  _VDP_FillVRAM_16K                  vdp
     00005B8C  _VDP_ReadVRAM_16K                  vdp
     00005BC2  _VDP_Peek_16K                      vdp
     00005BD7  _VDP_Poke_16K                      vdp
     00005BEF  _VDP_SetModeGraphic4               vdp
     00005C0F  _VDP_ReadStatus                    vdp
     00005C23  _VDP_SetAdjustOffset               vdp
     00005C2D  _VDP_SetPalette                    vdp
     00005C3C  _VDP_SetPaletteEntry               vdp
     00005C4B  _VDP_WriteVRAM_128K                vdp
     00005C8E  _VDP_FillVRAM_128K                 vdp
     00005CC9  _VDP_ReadVRAM_128K                 vdp
     00005D11  _VDP_Poke_128K                     vdp
     00005D3C  _VDP_Peek_128K                     vdp
     00005D5F  _VDP_CommandWait                   vdp
     00005D78  _VPD_CommandSetupR32               vdp
     00005DAB  _VPD_CommandSetupR36               vdp
     00005DD6  _VPD_CommandWriteLoop              vdp
     00005DFE  _VDP_Initialize                    vdp
     00005E1A  _VDP_SetMode                       vdp
     00005EC4  _VDP_GetVersion                    vdp
     00005F13  _VDP_RegWrite                      vdp
     00005F1F  _VDP_RegWriteBak                   vdp
     00005F32  _VDP_RegWriteBakMask               vdp
     00005F51  _VDP_ReadDefaultStatus             vdp
     00005F54  _VDP_SetPage                       vdp
     00005F62  _VDP_SetLayoutTable                vdp
     00005FC5  _VDP_SetColorTable                 vdp
     0000605E  _VDP_SetPatternTable               vdp
     000060BE  _VDP_SetSpriteAttributeTable       vdp
     00006161  _VDP_SetSpritePatternTable         vdp
     00006180  _VDP_LoadSpritePattern             vdp
     000061B0  _VDP_SetSpriteSM1                  vdp
     000061F3  _VDP_SetSprite                     vdp
     0000622E  _VDP_SetSpriteExMultiColor         vdp
ASxxxx Linker V03.00 + NoICE + sdld,  page 9.
Hexadecimal  [32-Bits]

Area                                    Addr        Size        Decimal Bytes (Attributes)
--------------------------------        ----        ----        ------- ----- ------------
_CODE                               00004000    000029DD =       10717. bytes (REL,CON)

      Value  Global                              Global Defined In Module
      -----  --------------------------------   ------------------------
     00006292  _VDP_SetSpriteExUniColor           vdp
     000062F3  _VDP_SetSpritePosition             vdp
     00006327  _VDP_SetSpritePositionX            vdp
     0000633F  _VDP_SetSpritePositionY            vdp
     00006356  _VDP_SetSpritePattern              vdp
     0000636F  _VDP_SetSpriteColorSM1             vdp
     00006389  _VDP_SetSpriteUniColor             vdp
     000063A6  _VDP_SetSpriteMultiColor           vdp
     000063C4  _VDP_SetSpriteData                 vdp
     000063E0  _VDP_DisableSpritesFrom            vdp
     000063F1  _VDP_LoadPattern_GM2               vdp
     00006467  _VDP_LoadColor_GM2                 vdp
     000064DD  _VDP_WriteLayout_GM2               vdp
     00006548  _VDP_FillLayout_GM2                vdp
     0000659E  _Input_Detect                      input
     000065BB  _Joystick_Read                     input
     000065D0  _Keyboard_Read                     input
     000065DB  _Keyboard_IsKeyPressed             input
     00006606  _Bios_Exit                         bios
     0000660E  _Bios_SetHookCallback              bios
     0000662D  _Bios_InterSlotRead                bios
     00006632  _Bios_InterSlotWrite               bios
     00006647  _Bios_InterSlotCall                bios
     00006659  _Bios_SwitchSlot                   bios
     00006664  _Bios_WriteVDP                     bios
     0000666A  _Bios_WriteVRAM                    bios
     00006679  _Bios_FillVRAM                     bios
     0000668A  _Bios_TransfertVRAMtoRAM           bios
     0000669C  _Bios_TransfertRAMtoVRAM           bios
     000066AE  _Bios_ChangeColor                  bios
     000066C7  _Bios_InitScreen0Ex                bios
     000066F7  _Bios_InitScreen1Ex                bios
     00006742  _Bios_InitScreen2Ex                bios
     0000678D  _Bios_InitScreen3Ex                bios
     000067D8  _Bios_GetPatternTableAddress       bios
     000067DD  _Bios_GetAttributeTableAddress     bios
     000067E2  _Bios_GraphPrintCharEx             bios
     00006809  _Bios_WritePSG                     bios
     0000680E  _Bios_HasCharacter                 bios
     00006819  _Bios_ClearScreen                  bios
     0000681E  _Bios_SetCursorPosition            bios
     00006823  __mulint                           
     00006825  __mul16                            
     0000683A  _DEBUG_INIT                        debug
     0000683B  _DEBUG_BREAK                       debug
     00006840  _DEBUG_ASSERT                      debug
     00006846  _DEBUG_LOG                         debug
     00006854  _DEBUG_LOGNUM                      debug
     0000687A  _DEBUG_PRINT                       debug
     00006889  ___sdcc_call_hl                    
     0000688A  ___sdcc_call_iy                    
ASxxxx Linker V03.00 + NoICE + sdld,  page 10.
Hexadecimal  [32-Bits]

Area                                    Addr        Size        Decimal Bytes (Attributes)
--------------------------------        ----        ----        ------- ----- ------------
_CODE                               00004000    000029DD =       10717. bytes (REL,CON)

      Value  Global                              Global Defined In Module
      -----  --------------------------------   ------------------------
     0000688C  _Sys_GetPageSlot                   system
     000068DF  _Sys_SetPageSlot                   system
     000068E0  _Sys_SetPage0Slot                  system
     00006925  _Sys_CheckSlot                     system
     00006989  __modschar                         
     00006991  __modsint                          
     00006997  __moduchar                         
     0000699E  __moduint                          
     000069A3  __divschar                         
     000069A5  __div8                             
     000069A9  __div_signexte                     
     000069AD  __div16                            
     000069AD  __divsint                          
     000069D3  __get_remainder                    

ASxxxx Linker V03.00 + NoICE + sdld,  page 11.
Hexadecimal  [32-Bits]

Area                                    Addr        Size        Decimal Bytes (Attributes)
--------------------------------        ----        ----        ------- ----- ------------
_INITIALIZER                        000069DD    00000054 =          84. bytes (REL,CON)

      Value  Global                              Global Defined In Module
      -----  --------------------------------   ------------------------
ASxxxx Linker V03.00 + NoICE + sdld,  page 12.
Hexadecimal  [32-Bits]

Area                                    Addr        Size        Decimal Bytes (Attributes)
--------------------------------        ----        ----        ------- ----- ------------
_GSINIT                             00006A31    00000008 =           8. bytes (REL,CON)

      Value  Global                              Global Defined In Module
      -----  --------------------------------   ------------------------
ASxxxx Linker V03.00 + NoICE + sdld,  page 13.
Hexadecimal  [32-Bits]

Area                                    Addr        Size        Decimal Bytes (Attributes)
--------------------------------        ----        ----        ------- ----- ------------
_GSFINAL                            00006A39    00000000 =           0. bytes (REL,CON)

      Value  Global                              Global Defined In Module
      -----  --------------------------------   ------------------------
     00006A39  _g_LastAddr                        crt0

ASxxxx Linker V03.00 + NoICE + sdld,  page 14.
Hexadecimal  [32-Bits]

Area                                    Addr        Size        Decimal Bytes (Attributes)
--------------------------------        ----        ----        ------- ----- ------------
_DATA                               0000C000    0000033A =         826. bytes (REL,CON)

      Value  Global                              Global Defined In Module
      -----  --------------------------------   ------------------------
     0000C000  _g_HeapStartAddress                crt0
     0000C002  _g_ROMSlotID                       crt0
     0000C003  _g_Bank0Segment                    crt0
     0000C005  _g_Bank1Segment                    crt0
     0000C007  _g_Bank2Segment                    crt0
     0000C007  _g_CurrentSegment                  crt0
     0000C009  _g_Bank3Segment                    crt0
     0000C00B  _g_player_input                    soccerlg
     0000C011  _SwSprite                          soccerlg
     0000C27E  _Field                             soccerlg
     0000C295  _ScoreBoardLeft                    soccerlg
     0000C2AC  _ScoreBoardRight                   soccerlg
     0000C2C5  _g_PrintData                       print
     0000C2F7  _g_VDP_REGSAV                      vdp
     0000C313  _g_VDP_Data                        vdp
     0000C315  _g_VDP_Command                     vdp
     0000C324  _g_VDP_Sprite                      vdp
     0000C328  _g_ScreenLayoutLow                 vdp
     0000C32A  _g_ScreenColorLow                  vdp
     0000C32C  _g_ScreenPatternLow                vdp
     0000C32E  _g_SpriteAttributeLow              vdp
     0000C330  _g_SpritePatternLow                vdp
     0000C332  _g_SpriteColorLow                  vdp
     0000C334  _g_ScreenLayoutHigh                vdp
     0000C335  _g_ScreenColorHigh                 vdp
     0000C336  _g_ScreenPatternHigh               vdp
     0000C337  _g_SpriteAttributeHigh             vdp
     0000C338  _g_SpritePatternHigh               vdp
     0000C339  _g_SpriteColorHigh                 vdp

ASxxxx Linker V03.00 + NoICE + sdld,  page 15.
Hexadecimal  [32-Bits]

Area                                    Addr        Size        Decimal Bytes (Attributes)
--------------------------------        ----        ----        ------- ----- ------------
_INITIALIZED                        0000C33A    00000054 =          84. bytes (REL,CON)

      Value  Global                              Global Defined In Module
      -----  --------------------------------   ------------------------
     0000C33A  _Frms                              soccerlg
     0000C33B  _Secs                              soccerlg
     0000C33C  _Mins                              soccerlg
     0000C33D  _LastSecs                          soccerlg
     0000C33E  _Half                              soccerlg
     0000C33F  _ScoreTeam1                        soccerlg
     0000C340  _ScoreTeam2                        soccerlg
     0000C341  _LastScoreTeam1                    soccerlg
     0000C342  _LastScoreTeam2                    soccerlg
     0000C343  _g_is_penalty_shootout             soccerlg
     0000C344  _g_penalty_shot_count              soccerlg
     0000C346  _g_penalty_shooter_idx             soccerlg
     0000C347  _g_penalty_team                    soccerlg
     0000C348  _g_penalty_arrow_pos               soccerlg
     0000C349  _g_penalty_arrow_dir               soccerlg
     0000C34A  _Team1Code                         soccerlg
     0000C34B  _Team2Code                         soccerlg
     0000C34C  _KickOffTeam                       soccerlg
     0000C34D  _GameMode                          soccerlg
     0000C34E  _T1_Carrier                        soccerlg
     0000C34F  _T1_Receiver                       soccerlg
     0000C350  _T2_Carrier                        soccerlg
     0000C351  _T2_Receiver                       soccerlg
     0000C352  _TimerEnabled                      soccerlg
     0000C353  _LastTouchTeam                     soccerlg
     0000C354  _LastTouchPlayer                   soccerlg
     0000C355  _RestartType                       soccerlg
     0000C356  _RestartSideX                      soccerlg
     0000C357  _RestartSideY                      soccerlg
     0000C359  _g_throw_rec_1                     soccerlg
     0000C35A  _g_throw_rec_2                     soccerlg
     0000C35B  _g_selected_rec                    soccerlg
     0000C35C  _g_thrower_id                      soccerlg
     0000C35D  _g_pass_start_x                    soccerlg
     0000C35F  _g_pass_start_y                    soccerlg
     0000C361  _g_pass_target_x                   soccerlg
     0000C363  _g_pass_target_y                   soccerlg
     0000C365  _g_pass_max_frames                 soccerlg
     0000C366  _g_pass_max_height                 soccerlg
     0000C367  _g_pass_receiver                   soccerlg
     0000C368  _g_last_dx                         soccerlg
     0000C36A  _g_last_dy                         soccerlg
     0000C36C  _g_last_input_dir                  soccerlg
     0000C36D  _g_h_arrow_x                       soccerlg
     0000C36F  _g_h_arrow_dir                     soccerlg
     0000C370  _g_VSynch                          soccerlg
     0000C38D  _g_VDPInitilized                   vdp

ASxxxx Linker V03.00 + NoICE + sdld,  page 16.
Hexadecimal  [32-Bits]

Area                                    Addr        Size        Decimal Bytes (Attributes)
--------------------------------        ----        ----        ------- ----- ------------
_SEG4                               0004A000    00000E60 =        3680. bytes (REL,CON)

      Value  Global                              Global Defined In Module
      -----  --------------------------------   ------------------------
     0004A000  _GetDrawFrame                      soccerlg_s4_b3
     0004A043  _g_Fonts                           soccerlg_s4_b3
     0004A337  _MainLoop                          soccerlg_s4_b3
ASxxxx Linker V03.00 + NoICE + sdld,  page 17.
Hexadecimal  [32-Bits]

Area                                    Addr        Size        Decimal Bytes (Attributes)
--------------------------------        ----        ----        ------- ----- ------------
_SEG5                               0005A000    00000CFD =        3325. bytes (REL,CON)

      Value  Global                              Global Defined In Module
      -----  --------------------------------   ------------------------
     0005A000  _PlotField                         soccerlg_s5_b3
     0005A27E  _RemoveSwSprite                    soccerlg_s5_b3
     0005A435  _RemoveScoreBoardLeft              soccerlg_s5_b3
     0005A5B9  _PrintScoreBoardLeft               soccerlg_s5_b3
     0005A6D4  _RemoveScoreBoardRight             soccerlg_s5_b3
     0005A858  _PrintScoreBoardRight              soccerlg_s5_b3
     0005A97D  _SetBallSprite                     soccerlg_s5_b3
     0005A991  _IsBallForeground                  soccerlg_s5_b3
     0005AAEE  _ShowSpriteMessage                 soccerlg_s5_b3
     0005ACC5  _HideSpriteMessage                 soccerlg_s5_b3

ASxxxx Linker V03.00 + NoICE + sdld,  page 18.
Hexadecimal  [32-Bits]

Area                                    Addr        Size        Decimal Bytes (Attributes)
--------------------------------        ----        ----        ------- ----- ------------
_SEG6                               0006A000    000014C2 =        5314. bytes (REL,CON)

      Value  Global                              Global Defined In Module
      -----  --------------------------------   ------------------------
     0006A000  _PlayerAI                          soccerlg_s6_b3
     0006B25C  _FindReceiver                      soccerlg_s6_b3

ASxxxx Linker V03.00 + NoICE + sdld,  page 19.
Hexadecimal  [32-Bits]

Area                                    Addr        Size        Decimal Bytes (Attributes)
--------------------------------        ----        ----        ------- ----- ------------
_SEG7                               0007A000    00000262 =         610. bytes (REL,CON)

      Value  Global                              Global Defined In Module
      -----  --------------------------------   ------------------------
     0007A000  _IsTeamJoystickTriggerPressed      soccerlg_s7_b3
     0007A031  _GetJoystickDirection              soccerlg_s7_b3
     0007A1E1  _UpdateAllInputs                   soccerlg_s7_b3
ASxxxx Linker V03.00 + NoICE + sdld,  page 20.
Hexadecimal  [32-Bits]

Area                                    Addr        Size        Decimal Bytes (Attributes)
--------------------------------        ----        ----        ------- ----- ------------
_SEG8                               0008A000    00000048 =          72. bytes (REL,CON)

      Value  Global                              Global Defined In Module
      -----  --------------------------------   ------------------------
     0008A000  _EventBallKicked                   soccerlg_s8_b3
     0008A001  _EventStartPresentationScrollig    soccerlg_s8_b3
     0008A002  _EventPlayerFirstPresentationSta   soccerlg_s8_b3
     0008A003  _EventKickOffReady                 soccerlg_s8_b3
     0008A010  _EventHalfTime                     soccerlg_s8_b3
     0008A011  _EventTimeUp                       soccerlg_s8_b3
     0008A012  _EventThrowIn                      soccerlg_s8_b3
     0008A01F  _EventCornerKick                   soccerlg_s8_b3
     0008A02C  _EventGoalKick                     soccerlg_s8_b3
     0008A039  _EventOffside                      soccerlg_s8_b3
     0008A03A  _EventGoal                         soccerlg_s8_b3
     0008A047  _EventPenaltyWhistle               soccerlg_s8_b3
ASxxxx Linker V03.00 + NoICE + sdld,  page 21.
Hexadecimal  [32-Bits]

Area                                    Addr        Size        Decimal Bytes (Attributes)
--------------------------------        ----        ----        ------- ----- ------------
_SEG9                               0009A000    00001997 =        6551. bytes (REL,CON)

      Value  Global                              Global Defined In Module
      -----  --------------------------------   ------------------------
     0009A000  _UpdateGameState                   soccerlg_s9_b3

ASxxxx Linker V03.00 + NoICE + sdld,  page 22.
Hexadecimal  [32-Bits]

Area                                    Addr        Size        Decimal Bytes (Attributes)
--------------------------------        ----        ----        ------- ----- ------------
_SEG10                              000AA000    0000050B =        1291. bytes (REL,CON)

      Value  Global                              Global Defined In Module
      -----  --------------------------------   ------------------------
     000AA000  _UpdateFieldCamera                 soccerlg_s10_b3
     000AA206  _CheckFieldBoundaries              soccerlg_s10_b3

ASxxxx Linker V03.00 + NoICE + sdld,  page 23.
Hexadecimal  [32-Bits]

Area                                    Addr        Size        Decimal Bytes (Attributes)
--------------------------------        ----        ----        ------- ----- ------------
_SEG11                              000BA000    00001C70 =        7280. bytes (REL,CON)

      Value  Global                              Global Defined In Module
      -----  --------------------------------   ------------------------
     000BA000  _AssignKickOffTargets              soccerlg_s11_b3
     000BA0C6  _AssignThrowInTargets              soccerlg_s11_b3
     000BA8C0  _AssignGoalKickTargets             soccerlg_s11_b3
     000BAD44  _AssignCornerKickTargets           soccerlg_s11_b3
     000BB0C6  _ExecuteThrowIn                    soccerlg_s11_b3
     000BB1F2  _ExecuteCornerKick                 soccerlg_s11_b3
     000BB319  _GetPlayerAnimFrame                soccerlg_s11_b3
     000BB9DB  _GetPlayerIdleFrame                soccerlg_s11_b3

ASxxxx Linker V03.00 + NoICE + sdld,  page 24.
Hexadecimal  [32-Bits]

Area                                    Addr        Size        Decimal Bytes (Attributes)
--------------------------------        ----        ----        ------- ----- ------------
_SEG12                              000CA000    00001496 =        5270. bytes (REL,CON)

      Value  Global                              Global Defined In Module
      -----  --------------------------------   ------------------------
     000CA000  _UpdateGameState_Restarts          soccerlg_s12_b3

ASxxxx Linker V03.00 + NoICE + sdld,  page 25.
Hexadecimal  [32-Bits]

Area                                    Addr        Size        Decimal Bytes (Attributes)
--------------------------------        ----        ----        ------- ----- ------------
_SEG13                              000DA000    00000903 =        2307. bytes (REL,CON)

      Value  Global                              Global Defined In Module
      -----  --------------------------------   ------------------------
     000DA000  _UpdateGameState_Init              soccerlg_s13_b3

ASxxxx Linker V03.00 + NoICE + sdld,  page 26.
Hexadecimal  [32-Bits]

Area                                    Addr        Size        Decimal Bytes (Attributes)
--------------------------------        ----        ----        ------- ----- ------------
_SEG14                              000EA000    00000003 =           3. bytes (REL,CON)

      Value  Global                              Global Defined In Module
      -----  --------------------------------   ------------------------
     000EA000  _ShowMenu                          soccerlg_s14_b3

ASxxxx Linker V03.00 + NoICE + sdld,  page 27.
Hexadecimal  [32-Bits]

Area                                    Addr        Size        Decimal Bytes (Attributes)
--------------------------------        ----        ----        ------- ----- ------------
_SEG15                              000FA000    00000B20 =        2848. bytes (REL,CON)

      Value  Global                              Global Defined In Module
      -----  --------------------------------   ------------------------
     000FA000  _UpdateGameState_SetPieces         soccerlg_s15_b3

ASxxxx Linker V03.00 + NoICE + sdld,  page 28.
Hexadecimal  [32-Bits]

Area                                    Addr        Size        Decimal Bytes (Attributes)
--------------------------------        ----        ----        ------- ----- ------------
_SEG16                              0010A000    00001B77 =        7031. bytes (REL,CON)

      Value  Global                              Global Defined In Module
      -----  --------------------------------   ------------------------
     0010A000  _UpdateGameState_Penalties         soccerlg_s16_b3

ASxxxx Linker V03.00 + NoICE + sdld,  page 29.

Files Linked                              [ module(s) ]

E:\Dropbox\FAUSTO\SVILUPPI\MSX\CODE\C\MSXgl\projects\soccerlgMSX2/out/crt0_rom_mapper.rel
                                          [ crt0 ]
E:\Dropbox\FAUSTO\SVILUPPI\MSX\CODE\C\MSXgl\projects\soccerlgMSX2/out/soccerlg.rel
                                          [ soccerlg ]
E:\Dropbox\FAUSTO\SVILUPPI\MSX\CODE\C\MSXgl\projects\soccerlgMSX2/out/soccerlg_s4_b3.rel
                                          [ soccerlg_s4_b3 ]
E:\Dropbox\FAUSTO\SVILUPPI\MSX\CODE\C\MSXgl\projects\soccerlgMSX2/out/soccerlg_s5_b3.rel
                                          [ soccerlg_s5_b3 ]
E:\Dropbox\FAUSTO\SVILUPPI\MSX\CODE\C\MSXgl\projects\soccerlgMSX2/out/soccerlg_s6_b3.rel
                                          [ soccerlg_s6_b3 ]
E:\Dropbox\FAUSTO\SVILUPPI\MSX\CODE\C\MSXgl\projects\soccerlgMSX2/out/soccerlg_s7_b3.rel
                                          [ soccerlg_s7_b3 ]
E:\Dropbox\FAUSTO\SVILUPPI\MSX\CODE\C\MSXgl\projects\soccerlgMSX2/out/soccerlg_s8_b3.rel
                                          [ soccerlg_s8_b3 ]
E:\Dropbox\FAUSTO\SVILUPPI\MSX\CODE\C\MSXgl\projects\soccerlgMSX2/out/soccerlg_s9_b3.rel
                                          [ soccerlg_s9_b3 ]
E:\Dropbox\FAUSTO\SVILUPPI\MSX\CODE\C\MSXgl\projects\soccerlgMSX2/out/soccerlg_s10_b3.rel
                                          [ soccerlg_s10_b3 ]
E:\Dropbox\FAUSTO\SVILUPPI\MSX\CODE\C\MSXgl\projects\soccerlgMSX2/out/soccerlg_s11_b3.rel
                                          [ soccerlg_s11_b3 ]
E:\Dropbox\FAUSTO\SVILUPPI\MSX\CODE\C\MSXgl\projects\soccerlgMSX2/out/soccerlg_s12_b3.rel
                                          [ soccerlg_s12_b3 ]
E:\Dropbox\FAUSTO\SVILUPPI\MSX\CODE\C\MSXgl\projects\soccerlgMSX2/out/soccerlg_s13_b3.rel
                                          [ soccerlg_s13_b3 ]
E:\Dropbox\FAUSTO\SVILUPPI\MSX\CODE\C\MSXgl\projects\soccerlgMSX2/out/soccerlg_s14_b3.rel
                                          [ soccerlg_s14_b3 ]
E:\Dropbox\FAUSTO\SVILUPPI\MSX\CODE\C\MSXgl\projects\soccerlgMSX2/out/soccerlg_s15_b3.rel
                                          [ soccerlg_s15_b3 ]
E:\Dropbox\FAUSTO\SVILUPPI\MSX\CODE\C\MSXgl\projects\soccerlgMSX2/out/soccerlg_s16_b3.rel
                                          [ soccerlg_s16_b3 ]


Libraries Linked                          [ object file ]

E:\Dropbox\FAUSTO\SVILUPPI\MSX\CODE\C\MSXgl\tools/sdcc/lib/z80/z80.lib
                                          [ divunsigned.rel ]
E:\Dropbox\FAUSTO\SVILUPPI\MSX\CODE\C\MSXgl\projects\soccerlgMSX2/out/msxgl.lib
                                          [ print.rel ]
E:\Dropbox\FAUSTO\SVILUPPI\MSX\CODE\C\MSXgl\projects\soccerlgMSX2/out/msxgl.lib
                                          [ vdp.rel ]
E:\Dropbox\FAUSTO\SVILUPPI\MSX\CODE\C\MSXgl\projects\soccerlgMSX2/out/msxgl.lib
                                          [ input.rel ]
E:\Dropbox\FAUSTO\SVILUPPI\MSX\CODE\C\MSXgl\projects\soccerlgMSX2/out/msxgl.lib
                                          [ bios.rel ]
E:\Dropbox\FAUSTO\SVILUPPI\MSX\CODE\C\MSXgl\tools/sdcc/lib/z80/z80.lib
                                          [ mul.rel ]
E:\Dropbox\FAUSTO\SVILUPPI\MSX\CODE\C\MSXgl\projects\soccerlgMSX2/out/msxgl.lib
                                          [ debug.rel ]
E:\Dropbox\FAUSTO\SVILUPPI\MSX\CODE\C\MSXgl\tools/sdcc/lib/z80/z80.lib
                                          [ __sdcc_call_hl.rel ]
E:\Dropbox\FAUSTO\SVILUPPI\MSX\CODE\C\MSXgl\tools/sdcc/lib/z80/z80.lib
                                          [ __sdcc_call_iy.rel ]
E:\Dropbox\FAUSTO\SVILUPPI\MSX\CODE\C\MSXgl\projects\soccerlgMSX2/out/msxgl.lib
                                          [ system.rel ]
E:\Dropbox\FAUSTO\SVILUPPI\MSX\CODE\C\MSXgl\tools/sdcc/lib/z80/z80.lib
                                          [ modsigned.rel ]
E:\Dropbox\FAUSTO\SVILUPPI\MSX\CODE\C\MSXgl\tools/sdcc/lib/z80/z80.lib
                                          [ modunsigned.rel ]
E:\Dropbox\FAUSTO\SVILUPPI\MSX\CODE\C\MSXgl\tools/sdcc/lib/z80/z80.lib
                                          [ divsigned.rel ]

ASxxxx Linker V03.00 + NoICE + sdld,  page 30.

User Base Address Definitions

_CODE = 0x4000
_DATA = 0xc000
_SEG4=0x0004A000
_SEG5=0x0005A000
_SEG6=0x0006A000
_SEG7=0x0007A000
_SEG8=0x0008A000
_SEG9=0x0009A000
_SEG10=0x000AA000
_SEG11=0x000BA000
_SEG12=0x000CA000
_SEG13=0x000DA000
_SEG14=0x000EA000
_SEG15=0x000FA000
_SEG16=0x0010A000

