ASxxxx Linker V03.00 + NoICE + sdld,  page 1.
Hexadecimal  [32-Bits]

Area                                    Addr        Size        Decimal Bytes (Attributes)
--------------------------------        ----        ----        ------- ----- ------------
.  .ABS.                            00000000    00000000 =           0. bytes (ABS,CON)

      Value  Global                              Global Defined In Module
      -----  --------------------------------   ------------------------
     00000000  .__.ABS.                           
     00000000  _g_SUBRID                          bios
     00000000  l__BSEG                         
     00000000  l__BSS                          
     00000000  l__CABS                         
     00000000  l__DABS                         
     00000000  l__GSFINAL                      
     00000000  l__GSINIT                       
     00000000  l__HEADER                       
     00000000  l__HEADER0                      
     00000000  l__HEAP                         
     00000000  l__HOME                         
     00000000  l__RODATA                       
     00000000  s__CABS                         
     00000000  s__DABS                         
     00000000  s__HEADER                       
     00000000  s__HEADER0                      
     00000002  _g_STRSRC                          bios
     00000004  _g_CGTABL                          system
     00000006  _g_VDP_DR                          system
     00000007  _g_VDP_DW                          system
     00000008  l__INITIALIZED                  
     00000008  l__INITIALIZER                  
     0000002B  _g_BASRVN                          system
     0000002B  _g_ROMVersion                      system
     0000002D  _g_MSXVER                          system
     0000002E  _g_MSXMID                          system
     00000034  _g_CHAR_16                         system
     00000081  l__SEG6                         
     0000029C  l__DATA                         
     0000096E  l__SEG5                         
     00000AAF  l__SEG4                         
     000024EB  l__CODE                         
     00004000  s__CODE                         
     000064EB  s__HOME                         
     000064EB  s__INITIALIZER                  
     000064EB  s__RODATA                       
     000064F3  s__GSFINAL                      
     000064F3  s__GSINIT                       
     0000C000  s__DATA                         
     0000C29C  s__INITIALIZED                  
     0000C2A4  s__BSEG                         
     0000C2A4  s__BSS                          
     0000C2A4  s__HEAP                         
     0000F30F  _g_KANJTABLE                       bios
     0000F323  _g_DISKVE                          bios
     0000F325  _g_BREAKV                          bios
     0000F341  _g_RAMAD0                          bios
     0000F342  _g_RAMAD1                          bios
     0000F343  _g_RAMAD2                          bios
ASxxxx Linker V03.00 + NoICE + sdld,  page 2.
Hexadecimal  [32-Bits]

Area                                    Addr        Size        Decimal Bytes (Attributes)
--------------------------------        ----        ----        ------- ----- ------------
.  .ABS.                            00000000    00000000 =           0. bytes (ABS,CON)

      Value  Global                              Global Defined In Module
      -----  --------------------------------   ------------------------
     0000F344  _g_RAMAD3                          bios
     0000F348  _g_MASTER                          bios
     0000F37D  _g_BDOS                            bios
     0000F380  _g_RDPRIM                          system
     0000F385  _g_WRPRIM                          system
     0000F38C  _g_CLPRIM                          system
     0000F39A  _g_USRTAB                          system
     0000F3AE  _g_LINL40                          system
     0000F3AF  _g_LINL32                          system
     0000F3B0  _g_LINLEN                          system
     0000F3B1  _g_CRTCNT                          system
     0000F3B2  _g_CLMLST                          system
     0000F3B3  _g_TXTNAM                          system
     0000F3B5  _g_TXTCOL                          system
     0000F3B7  _g_TXTCGP                          system
     0000F3B9  _g_TXTATR                          system
     0000F3BB  _g_TXTPAT                          system
     0000F3BD  _g_T32NAM                          system
     0000F3BF  _g_T32COL                          system
     0000F3C1  _g_T32CGP                          system
     0000F3C3  _g_T32ATR                          system
     0000F3C5  _g_T32PAT                          system
     0000F3C7  _g_GRPNAM                          system
     0000F3C9  _g_GRPCOL                          system
     0000F3CB  _g_GRPCGP                          system
     0000F3CD  _g_GRPATR                          system
     0000F3CF  _g_GRPPAT                          system
     0000F3D1  _g_MLTNAM                          system
     0000F3D3  _g_MLTCOL                          system
     0000F3D5  _g_MLTCGP                          system
     0000F3D7  _g_MLTATR                          system
     0000F3D9  _g_MLTPAT                          system
     0000F3DB  _g_CLIKSW                          system
     0000F3DC  _g_CSRY                            system
     0000F3DD  _g_CSRX                            system
     0000F3DE  _g_CNSDFG                          system
     0000F3DF  _g_RG0SAV                          system
     0000F3E0  _g_RG1SAV                          system
     0000F3E1  _g_RG2SAV                          system
     0000F3E2  _g_RG3SAV                          system
     0000F3E3  _g_RG4SAV                          system
     0000F3E4  _g_RG5SAV                          system
     0000F3E5  _g_RG6SAV                          system
     0000F3E6  _g_RG7SAV                          system
     0000F3E7  _g_STATFL                          system
     0000F3E8  _g_TRGFLG                          system
     0000F3E9  _g_FORCLR                          system
     0000F3EA  _g_BAKCLR                          system
     0000F3EB  _g_BDRCLR                          system
     0000F3EC  _g_MAXUPD                          system
     0000F3EF  _g_MINUPD                          system
ASxxxx Linker V03.00 + NoICE + sdld,  page 3.
Hexadecimal  [32-Bits]

Area                                    Addr        Size        Decimal Bytes (Attributes)
--------------------------------        ----        ----        ------- ----- ------------
.  .ABS.                            00000000    00000000 =           0. bytes (ABS,CON)

      Value  Global                              Global Defined In Module
      -----  --------------------------------   ------------------------
     0000F3F2  _g_ATRBYT                          system
     0000F3F3  _g_QUEUES                          system
     0000F3F5  _g_FRCNEW                          system
     0000F3F6  _g_SCNCNT                          system
     0000F3F7  _g_REPCNT                          system
     0000F3F8  _g_PUTPNT                          system
     0000F3FA  _g_GETPNT                          system
     0000F3FC  _g_CS120                           system
     0000F401  _g_CS240                           system
     0000F406  _g_LOW                             system
     0000F408  _g_HIGH                            system
     0000F40A  _g_HEADER                          system
     0000F40B  _g_ASPCT1                          system
     0000F40D  _g_ASPCT2                          system
     0000F87F  _g_FNKSTR                          system
     0000F92A  _g_CLOC                            system
     0000F92C  _g_CMASK                           system
     0000F959  _g_QUETAB                          system
     0000F971  _g_QUEBAK                          system
     0000F975  _g_VOICAQ                          system
     0000F9F5  _g_VOICBQ                          system
     0000FA75  _g_VOICCQ                          system
     0000FAF5  _g_DPPAGE                          system
     0000FAF5  _g_RS2IQ                           system
     0000FAF6  _g_ACPAGE                          system
     0000FAF7  _g_AVCSAV                          system
     0000FAF8  _g_EXBRSA                          system
     0000FAF9  _g_CHRCNT                          system
     0000FAFA  _g_ROMA                            system
     0000FAFC  _g_MODE                            system
     0000FAFD  _g_NORUSE                          system
     0000FAFE  _g_XSAVE                           system
     0000FB00  _g_YSAVE                           system
     0000FB02  _g_LOGOPR                          system
     0000FB03  _g_RSTMP                           system
     0000FB03  _g_TOCNT                           system
     0000FB04  _g_RSFCB                           system
     0000FB06  _g_RSIQLN                          system
     0000FB07  _g_MEXBIh                          system
     0000FB0C  _g_OLDINT                          system
     0000FB0C  _g_OLDSTT                          system
     0000FB16  _g_DEVNUM                          system
     0000FB17  _g_DATCNT                          system
     0000FB1A  _g_ERRORS                          system
     0000FB1B  _g_FLAGS                           system
     0000FB1C  _g_ESTBLS                          system
     0000FB1D  _g_COMMSK                          system
     0000FB1E  _g_LSTCOM                          system
     0000FB1F  _g_LSTMOD                          system
     0000FB35  _g_PRSCNT                          system
     0000FB36  _g_SAVSP                           system
ASxxxx Linker V03.00 + NoICE + sdld,  page 4.
Hexadecimal  [32-Bits]

Area                                    Addr        Size        Decimal Bytes (Attributes)
--------------------------------        ----        ----        ------- ----- ------------
.  .ABS.                            00000000    00000000 =           0. bytes (ABS,CON)

      Value  Global                              Global Defined In Module
      -----  --------------------------------   ------------------------
     0000FB38  _g_VOICEN                          system
     0000FB39  _g_SAVVOL                          system
     0000FB3B  _g_MCLLEN                          system
     0000FB3C  _g_MCLPTR                          system
     0000FB3E  _g_QUEUEN                          system
     0000FB3F  _g_MUSICF                          system
     0000FB40  _g_PLYCNT                          system
     0000FB41  _g_VCBA                            system
     0000FB66  _g_VCBB                            system
     0000FB8B  _g_VCBC                            system
     0000FBB0  _g_ENSTOP                          system
     0000FBB1  _g_BASROM                          system
     0000FBB2  _g_LINTTB                          system
     0000FBCA  _g_FSTPOS                          system
     0000FBCC  _g_CODSAV                          system
     0000FBCD  _g_FNKSWI                          system
     0000FBCE  _g_FNKFLG                          system
     0000FBD8  _g_ONGSBF                          system
     0000FBD9  _g_CLIKFL                          system
     0000FBDA  _g_OLDKEY                          system
     0000FBE5  _g_NEWKEY                          system
     0000FBF0  _g_KEYBUF                          system
     0000FC18  _g_LINWRK                          system
     0000FC40  _g_PATWRK                          system
     0000FC48  _g_BOTTOM                          system
     0000FC4A  _g_HIMEM                           system
     0000FC4C  _g_TRPTBL                          system
     0000FC9A  _g_RTYCNT                          system
     0000FC9B  _g_INTFLG                          system
     0000FC9C  _g_PADY                            system
     0000FC9D  _g_PADX                            system
     0000FC9E  _g_JIFFY                           system
     0000FCA0  _g_INTVAL                          system
     0000FCA2  _g_INTCNT                          system
     0000FCA4  _g_LOWLIM                          system
     0000FCA5  _g_WINWID                          system
     0000FCA6  _g_GRPHED                          system
     0000FCA7  _g_ESCCNT                          system
     0000FCA8  _g_INSFLG                          system
     0000FCA9  _g_CSRSW                           system
     0000FCAA  _g_CSTYLE                          system
     0000FCAB  _g_CAPST                           system
     0000FCAC  _g_KANAST                          system
     0000FCAD  _g_KANAMD                          system
     0000FCAE  _g_FLBMEM                          system
     0000FCAF  _g_SCRMOD                          system
     0000FCB0  _g_OLDSCR                          system
     0000FCB1  _g_CASPRV                          system
     0000FCB2  _g_BRDATR                          system
     0000FCB3  _g_GXPOS                           system
     0000FCB5  _g_GYPOS                           system
ASxxxx Linker V03.00 + NoICE + sdld,  page 5.
Hexadecimal  [32-Bits]

Area                                    Addr        Size        Decimal Bytes (Attributes)
--------------------------------        ----        ----        ------- ----- ------------
.  .ABS.                            00000000    00000000 =           0. bytes (ABS,CON)

      Value  Global                              Global Defined In Module
      -----  --------------------------------   ------------------------
     0000FCB7  _g_GRPACX                          system
     0000FCB9  _g_GRPACY                          system
     0000FCBB  _g_DRWFLG                          system
     0000FCBC  _g_DRWSCL                          system
     0000FCBD  _g_DRWANG                          system
     0000FCC1  _g_EXPTBL                          system
     0000FCC1  _g_MNROM                           system
     0000FCC5  _g_SLTTBL                          system
     0000FCC9  _g_SLTATR                          system
     0000FD09  _g_SLTWRK                          system
     0000FD89  _g_PROCNM                          system
     0000FFE7  _g_RG08SAV                         system
     0000FFE8  _g_RG09SAV                         system
     0000FFE9  _g_RG10SAV                         system
     0000FFEA  _g_RG11SAV                         system
     0000FFEB  _g_RG12SAV                         system
     0000FFEC  _g_RG13SAV                         system
     0000FFED  _g_RG14SAV                         system
     0000FFEE  _g_RG15SAV                         system
     0000FFEF  _g_RG16SAV                         system
     0000FFF0  _g_RG17SAV                         system
     0000FFF1  _g_RG18SAV                         system
     0000FFF2  _g_RG19SAV                         system
     0000FFF3  _g_RG20SAV                         system
     0000FFF4  _g_RG21SAV                         system
     0000FFF5  _g_RG22SAV                         system
     0000FFF6  _g_RG23SAV                         system
     0000FFF7  _g_MINROM                          system
     0000FFF8  _g_SVFFF8                          system
     0000FFFA  _g_RG25SAV                         system
     0000FFFB  _g_RG26SAV                         system
     0000FFFC  _g_RG27SAV                         system
     0000FFFD  _g_SVFFFD                          system
     0000FFFF  _g_SLTSL                           system
     0004A000  s__SEG4                         
     0005A000  s__SEG5                         
     0006A000  s__SEG6                         
ASxxxx Linker V03.00 + NoICE + sdld,  page 6.
Hexadecimal  [32-Bits]

Area                                    Addr        Size        Decimal Bytes (Attributes)
--------------------------------        ----        ----        ------- ----- ------------
_CODE                               00004000    000024EB =        9451. bytes (REL,CON)

      Value  Global                              Global Defined In Module
      -----  --------------------------------   ------------------------
     00004000  _g_FirstAddr                       crt0
     00004000  _g_HeaderAddr                      crt0
     00004000  crt0_rom_header                    crt0
     00004018  _g_AppSignature                    crt0
     0000402B  crt0_p1_to_p2                      crt0
     0000408B  _CallFnc_VOID                      soccerlg
     000042DA  _g_Palette                         soccerlg
     000042FA  _CallFnc_VOID_P1                   soccerlg
     0000434E  _CallFnc_VOID_U8U16U16             soccerlg
     000043BA  _CallFnc_VOID_P2                   soccerlg
     00004413  _CallFnc_VOID_16_P2                soccerlg
     0000447B  _CallFnc_U8                        soccerlg
     000044CC  _CallFnc_U8_P1                     soccerlg
     00004522  _CallFnc_U16_P1                    soccerlg
     00004576  _CallFnc_U8_P2                     soccerlg
     000045D1  _CallFnc_BOOL                      soccerlg
     00004622  _CallFnc_BOOL_P1                   soccerlg
     00004678  _AddLines                          soccerlg
     00004765  _CallSpriteFrame                   soccerlg
     00004781  SpriteFrame                        soccerlg
     000047B5  _VSyncCallback                     soccerlg
     000047F1  _dummy                             soccerlg
     000047F9  _WaitForVBlank                     soccerlg
     00004805  _LoadField                         soccerlg
     000048BD  _main                              soccerlg
     00004BC3  _Print_MergeColor                  print
     00004BDA  _g_HexChar                         print
     00004BEA  _Print_Initialize                  print
     00004C52  _Print_SetMode                     print
     00004C7C  _Print_SetFont                     print
     00004D56  _Print_InitColorBuffer             print
     00004D80  _Print_SetColor                    print
     00004DBD  _Print_SetColorShade               print
     00004DE2  _Print_SetBitmapFont               print
     00004DEC  _DrawChar_4B                       print
     00004EF8  _DrawChar_Trans                    print
     00004FFB  _Print_Clear                       print
     00005037  _Print_Backspace                   print
     000050E8  _Print_DrawChar                    print
     000050F9  _Print_DrawCharX                   print
     0000510B  _Print_DrawText                    print
     0000516F  _Print_DrawBin8                    print
     00005192  _Print_DrawHex8                    print
     000051B8  _Print_DrawHex16                   print
     000051C3  _Print_DrawInt                     print
     0000524F  _Print_DrawFormat                  print
     0000558E  _VDP_SetModeFlag                   vdp
     000055B7  _VDP_SetModeText1                  vdp
     000055CE  _VDP_SetModeMultiColor             vdp
     000055F7  _VDP_SetModeGraphic1               vdp
ASxxxx Linker V03.00 + NoICE + sdld,  page 7.
Hexadecimal  [32-Bits]

Area                                    Addr        Size        Decimal Bytes (Attributes)
--------------------------------        ----        ----        ------- ----- ------------
_CODE                               00004000    000024EB =        9451. bytes (REL,CON)

      Value  Global                              Global Defined In Module
      -----  --------------------------------   ------------------------
     00005628  _VDP_SetModeGraphic2               vdp
     0000565A  _VDP_ClearVRAM                     vdp
     00005695  _VDP_WriteVRAM_16K                 vdp
     000056CC  _VDP_FillVRAM_16K                  vdp
     000056F1  _VDP_ReadVRAM_16K                  vdp
     00005727  _VDP_Peek_16K                      vdp
     0000573C  _VDP_Poke_16K                      vdp
     00005754  _VDP_SetModeGraphic4               vdp
     00005774  _VDP_ReadStatus                    vdp
     00005788  _VDP_SetAdjustOffset               vdp
     00005792  _VDP_SetPalette                    vdp
     000057A1  _VDP_SetPaletteEntry               vdp
     000057B0  _VDP_WriteVRAM_128K                vdp
     000057F3  _VDP_FillVRAM_128K                 vdp
     0000582E  _VDP_ReadVRAM_128K                 vdp
     00005876  _VDP_Poke_128K                     vdp
     000058A1  _VDP_Peek_128K                     vdp
     000058C4  _VDP_CommandWait                   vdp
     000058DD  _VPD_CommandSetupR32               vdp
     00005910  _VPD_CommandSetupR36               vdp
     0000593B  _VPD_CommandWriteLoop              vdp
     00005963  _VDP_Initialize                    vdp
     0000597F  _VDP_SetMode                       vdp
     00005A29  _VDP_GetVersion                    vdp
     00005A78  _VDP_RegWrite                      vdp
     00005A84  _VDP_RegWriteBak                   vdp
     00005A97  _VDP_RegWriteBakMask               vdp
     00005AB6  _VDP_ReadDefaultStatus             vdp
     00005AB9  _VDP_SetPage                       vdp
     00005AC7  _VDP_SetLayoutTable                vdp
     00005B2A  _VDP_SetColorTable                 vdp
     00005BC3  _VDP_SetPatternTable               vdp
     00005C23  _VDP_SetSpriteAttributeTable       vdp
     00005CC6  _VDP_SetSpritePatternTable         vdp
     00005CE5  _VDP_LoadSpritePattern             vdp
     00005D15  _VDP_SetSpriteSM1                  vdp
     00005D58  _VDP_SetSprite                     vdp
     00005D93  _VDP_SetSpriteExMultiColor         vdp
     00005DF7  _VDP_SetSpriteExUniColor           vdp
     00005E58  _VDP_SetSpritePosition             vdp
     00005E8C  _VDP_SetSpritePositionX            vdp
     00005EA4  _VDP_SetSpritePositionY            vdp
     00005EBB  _VDP_SetSpritePattern              vdp
     00005ED4  _VDP_SetSpriteColorSM1             vdp
     00005EEE  _VDP_SetSpriteUniColor             vdp
     00005F0B  _VDP_SetSpriteMultiColor           vdp
     00005F29  _VDP_SetSpriteData                 vdp
     00005F45  _VDP_DisableSpritesFrom            vdp
     00005F56  _VDP_LoadPattern_GM2               vdp
     00005FCC  _VDP_LoadColor_GM2                 vdp
     00006042  _VDP_WriteLayout_GM2               vdp
ASxxxx Linker V03.00 + NoICE + sdld,  page 8.
Hexadecimal  [32-Bits]

Area                                    Addr        Size        Decimal Bytes (Attributes)
--------------------------------        ----        ----        ------- ----- ------------
_CODE                               00004000    000024EB =        9451. bytes (REL,CON)

      Value  Global                              Global Defined In Module
      -----  --------------------------------   ------------------------
     000060AD  _VDP_FillLayout_GM2                vdp
     00006103  _Bios_Exit                         bios
     0000610B  _Bios_SetHookCallback              bios
     0000612A  _Bios_InterSlotRead                bios
     0000612F  _Bios_InterSlotWrite               bios
     00006144  _Bios_InterSlotCall                bios
     00006156  _Bios_SwitchSlot                   bios
     00006161  _Bios_WriteVDP                     bios
     00006167  _Bios_WriteVRAM                    bios
     00006176  _Bios_FillVRAM                     bios
     00006187  _Bios_TransfertVRAMtoRAM           bios
     00006199  _Bios_TransfertRAMtoVRAM           bios
     000061AB  _Bios_ChangeColor                  bios
     000061C4  _Bios_InitScreen0Ex                bios
     000061F4  _Bios_InitScreen1Ex                bios
     0000623F  _Bios_InitScreen2Ex                bios
     0000628A  _Bios_InitScreen3Ex                bios
     000062D5  _Bios_GetPatternTableAddress       bios
     000062DA  _Bios_GetAttributeTableAddress     bios
     000062DF  _Bios_GraphPrintCharEx             bios
     00006306  _Bios_WritePSG                     bios
     0000630B  _Bios_HasCharacter                 bios
     00006316  _Bios_ClearScreen                  bios
     0000631B  _Bios_SetCursorPosition            bios
     00006320  _DEBUG_INIT                        debug
     00006321  _DEBUG_BREAK                       debug
     00006326  _DEBUG_ASSERT                      debug
     0000632C  _DEBUG_LOG                         debug
     0000633A  _DEBUG_LOGNUM                      debug
     00006360  _DEBUG_PRINT                       debug
     0000636F  ___sdcc_call_hl                    
     00006370  ___sdcc_call_iy                    
     00006372  _Sys_GetPageSlot                   system
     000063C5  _Sys_SetPageSlot                   system
     000063C6  _Sys_SetPage0Slot                  system
     0000640B  _Sys_CheckSlot                     system
     0000646F  __modschar                         
     00006477  __modsint                          
     0000647D  __divschar                         
     0000647F  __div8                             
     00006483  __div_signexte                     
     00006487  __div16                            
     00006487  __divsint                          
     000064AD  __get_remainder                    
     000064B7  __divuchar                         
     000064B9  __divu8                            
     000064BC  __divu16                           
     000064BC  __divuint                          

ASxxxx Linker V03.00 + NoICE + sdld,  page 9.
Hexadecimal  [32-Bits]

Area                                    Addr        Size        Decimal Bytes (Attributes)
--------------------------------        ----        ----        ------- ----- ------------
_INITIALIZER                        000064EB    00000008 =           8. bytes (REL,CON)

      Value  Global                              Global Defined In Module
      -----  --------------------------------   ------------------------
ASxxxx Linker V03.00 + NoICE + sdld,  page 10.
Hexadecimal  [32-Bits]

Area                                    Addr        Size        Decimal Bytes (Attributes)
--------------------------------        ----        ----        ------- ----- ------------
_GSFINAL                            000064F3    00000000 =           0. bytes (REL,CON)

      Value  Global                              Global Defined In Module
      -----  --------------------------------   ------------------------
     000064F3  _g_LastAddr                        crt0

ASxxxx Linker V03.00 + NoICE + sdld,  page 11.
Hexadecimal  [32-Bits]

Area                                    Addr        Size        Decimal Bytes (Attributes)
--------------------------------        ----        ----        ------- ----- ------------
_DATA                               0000C000    0000029C =         668. bytes (REL,CON)

      Value  Global                              Global Defined In Module
      -----  --------------------------------   ------------------------
     0000C000  _g_HeapStartAddress                crt0
     0000C002  _g_ROMSlotID                       crt0
     0000C003  _g_Bank0Segment                    crt0
     0000C005  _g_Bank1Segment                    crt0
     0000C007  _g_Bank2Segment                    crt0
     0000C007  _g_CurrentSegment                  crt0
     0000C009  _g_Bank3Segment                    crt0
     0000C00B  _SwSprite                          soccerlg
     0000C1EB  _Field                             soccerlg
     0000C1FF  _ScoreBoardLeft                    soccerlg
     0000C213  _ScoreBoardRight                   soccerlg
     0000C227  _g_PrintData                       print
     0000C259  _g_VDP_REGSAV                      vdp
     0000C275  _g_VDP_Data                        vdp
     0000C277  _g_VDP_Command                     vdp
     0000C286  _g_VDP_Sprite                      vdp
     0000C28A  _g_ScreenLayoutLow                 vdp
     0000C28C  _g_ScreenColorLow                  vdp
     0000C28E  _g_ScreenPatternLow                vdp
     0000C290  _g_SpriteAttributeLow              vdp
     0000C292  _g_SpritePatternLow                vdp
     0000C294  _g_SpriteColorLow                  vdp
     0000C296  _g_ScreenLayoutHigh                vdp
     0000C297  _g_ScreenColorHigh                 vdp
     0000C298  _g_ScreenPatternHigh               vdp
     0000C299  _g_SpriteAttributeHigh             vdp
     0000C29A  _g_SpritePatternHigh               vdp
     0000C29B  _g_SpriteColorHigh                 vdp

ASxxxx Linker V03.00 + NoICE + sdld,  page 12.
Hexadecimal  [32-Bits]

Area                                    Addr        Size        Decimal Bytes (Attributes)
--------------------------------        ----        ----        ------- ----- ------------
_INITIALIZED                        0000C29C    00000008 =           8. bytes (REL,CON)

      Value  Global                              Global Defined In Module
      -----  --------------------------------   ------------------------
     0000C29C  _Frms                              soccerlg
     0000C29D  _Secs                              soccerlg
     0000C29E  _Mins                              soccerlg
     0000C29F  _LastSecs                          soccerlg
     0000C2A0  _ScoreA                            soccerlg
     0000C2A1  _ScoreB                            soccerlg
     0000C2A2  _g_VSynch                          soccerlg
     0000C2A3  _g_VDPInitilized                   vdp

ASxxxx Linker V03.00 + NoICE + sdld,  page 13.
Hexadecimal  [32-Bits]

Area                                    Addr        Size        Decimal Bytes (Attributes)
--------------------------------        ----        ----        ------- ----- ------------
_SEG4                               0004A000    00000AAF =        2735. bytes (REL,CON)

      Value  Global                              Global Defined In Module
      -----  --------------------------------   ------------------------
     0004A000  _MainLoop                          soccerlg_s4_b3
     0004A7B6  _g_Fonts                           soccerlg_s4_b3

ASxxxx Linker V03.00 + NoICE + sdld,  page 14.
Hexadecimal  [32-Bits]

Area                                    Addr        Size        Decimal Bytes (Attributes)
--------------------------------        ----        ----        ------- ----- ------------
_SEG5                               0005A000    0000096E =        2414. bytes (REL,CON)

      Value  Global                              Global Defined In Module
      -----  --------------------------------   ------------------------
     0005A000  _PlotField                         soccerlg_s5_b3
     0005A27D  _RemoveSwSprite                    soccerlg_s5_b3
     0005A426  _RemoveScoreBoardLeft              soccerlg_s5_b3
     0005A5AA  _PrintScoreBoardLeft               soccerlg_s5_b3
     0005A6C5  _RemoveScoreBoardRight             soccerlg_s5_b3
     0005A849  _PrintScoreBoardRight              soccerlg_s5_b3
ASxxxx Linker V03.00 + NoICE + sdld,  page 15.
Hexadecimal  [32-Bits]

Area                                    Addr        Size        Decimal Bytes (Attributes)
--------------------------------        ----        ----        ------- ----- ------------
_SEG6                               0006A000    00000081 =         129. bytes (REL,CON)

      Value  Global                              Global Defined In Module
      -----  --------------------------------   ------------------------
     0006A000  _PlayerAI                          soccerlg_s6_b3
     0006A06D  _SetBallSprite                     soccerlg_s6_b3

ASxxxx Linker V03.00 + NoICE + sdld,  page 16.

Files Linked                              [ module(s) ]

E:\Dropbox\FAUSTO\SVILUPPI\MSX\CODE\C\MSXgl\projects\soccerlgMSX2/out/crt0_rom_mapper.rel
                                          [ crt0 ]
E:\Dropbox\FAUSTO\SVILUPPI\MSX\CODE\C\MSXgl\projects\soccerlgMSX2/out/soccerlg.rel
                                          [ soccerlg ]
E:\Dropbox\FAUSTO\SVILUPPI\MSX\CODE\C\MSXgl\projects\soccerlgMSX2/out/soccerlg_s4_b3.rel
                                          [ soccerlg_s4_b3 ]
E:\Dropbox\FAUSTO\SVILUPPI\MSX\CODE\C\MSXgl\projects\soccerlgMSX2/out/soccerlg_s5_b3.rel
                                          [ soccerlg_s5_b3 ]
E:\Dropbox\FAUSTO\SVILUPPI\MSX\CODE\C\MSXgl\projects\soccerlgMSX2/out/soccerlg_s6_b3.rel
                                          [ soccerlg_s6_b3 ]


Libraries Linked                          [ object file ]

E:\Dropbox\FAUSTO\SVILUPPI\MSX\CODE\C\MSXgl\projects\soccerlgMSX2/out/msxgl.lib
                                          [ print.rel ]
E:\Dropbox\FAUSTO\SVILUPPI\MSX\CODE\C\MSXgl\projects\soccerlgMSX2/out/msxgl.lib
                                          [ vdp.rel ]
E:\Dropbox\FAUSTO\SVILUPPI\MSX\CODE\C\MSXgl\projects\soccerlgMSX2/out/msxgl.lib
                                          [ bios.rel ]
E:\Dropbox\FAUSTO\SVILUPPI\MSX\CODE\C\MSXgl\projects\soccerlgMSX2/out/msxgl.lib
                                          [ debug.rel ]
E:\Dropbox\FAUSTO\SVILUPPI\MSX\CODE\C\MSXgl\tools/sdcc/lib/z80/z80.lib
                                          [ __sdcc_call_hl.rel ]
E:\Dropbox\FAUSTO\SVILUPPI\MSX\CODE\C\MSXgl\tools/sdcc/lib/z80/z80.lib
                                          [ __sdcc_call_iy.rel ]
E:\Dropbox\FAUSTO\SVILUPPI\MSX\CODE\C\MSXgl\projects\soccerlgMSX2/out/msxgl.lib
                                          [ system.rel ]
E:\Dropbox\FAUSTO\SVILUPPI\MSX\CODE\C\MSXgl\tools/sdcc/lib/z80/z80.lib
                                          [ modsigned.rel ]
E:\Dropbox\FAUSTO\SVILUPPI\MSX\CODE\C\MSXgl\tools/sdcc/lib/z80/z80.lib
                                          [ divsigned.rel ]
E:\Dropbox\FAUSTO\SVILUPPI\MSX\CODE\C\MSXgl\tools/sdcc/lib/z80/z80.lib
                                          [ divunsigned.rel ]

ASxxxx Linker V03.00 + NoICE + sdld,  page 17.

User Base Address Definitions

_CODE = 0x4000
_DATA = 0xc000
_SEG4=0x0004A000
_SEG5=0x0005A000
_SEG6=0x0006A000

