ASxxxx Linker V03.00 + NoICE + sdld,  page 1.
Hexadecimal  [32-Bits]

Area                                    Addr        Size        Decimal Bytes (Attributes)
--------------------------------        ----        ----        ------- ----- ------------
.  .ABS.                            00000000    00000000 =           0. bytes (ABS,CON)

      Value  Global                              Global Defined In Module
      -----  --------------------------------   ------------------------
     00000000  .__.ABS.                           
     00000000  _g_SUBRID                          bios
     00000000  l__BSEG                         
     00000000  l__BSS                          
     00000000  l__CABS                         
     00000000  l__DABS                         
     00000000  l__GSFINAL                      
     00000000  l__GSINIT                       
     00000000  l__HEADER                       
     00000000  l__HEADER0                      
     00000000  l__HEAP                         
     00000000  l__HOME                         
     00000000  l__RODATA                       
     00000000  s__CABS                         
     00000000  s__DABS                         
     00000000  s__HEADER                       
     00000000  s__HEADER0                      
     00000002  _g_STRSRC                          bios
     00000004  _g_CGTABL                          system
     00000006  _g_VDP_DR                          system
     00000007  _g_VDP_DW                          system
     0000000B  l__INITIALIZED                  
     0000000B  l__INITIALIZER                  
     0000002B  _g_BASRVN                          system
     0000002B  _g_ROMVersion                      system
     0000002D  _g_MSXVER                          system
     0000002E  _g_MSXMID                          system
     00000034  _g_CHAR_16                         system
     0000006F  l__SEG6                         
     000002ED  l__DATA                         
     00000AC5  l__SEG5                         
     00001513  l__SEG4                         
     0000256A  l__CODE                         
     00004000  s__CODE                         
     0000656A  s__HOME                         
     0000656A  s__INITIALIZER                  
     0000656A  s__RODATA                       
     00006575  s__GSFINAL                      
     00006575  s__GSINIT                       
     0000C000  s__DATA                         
     0000C2ED  s__INITIALIZED                  
     0000C2F8  s__BSEG                         
     0000C2F8  s__BSS                          
     0000C2F8  s__HEAP                         
     0000F30F  _g_KANJTABLE                       bios
     0000F323  _g_DISKVE                          bios
     0000F325  _g_BREAKV                          bios
     0000F341  _g_RAMAD0                          bios
     0000F342  _g_RAMAD1                          bios
     0000F343  _g_RAMAD2                          bios
ASxxxx Linker V03.00 + NoICE + sdld,  page 2.
Hexadecimal  [32-Bits]

Area                                    Addr        Size        Decimal Bytes (Attributes)
--------------------------------        ----        ----        ------- ----- ------------
.  .ABS.                            00000000    00000000 =           0. bytes (ABS,CON)

      Value  Global                              Global Defined In Module
      -----  --------------------------------   ------------------------
     0000F344  _g_RAMAD3                          bios
     0000F348  _g_MASTER                          bios
     0000F37D  _g_BDOS                            bios
     0000F380  _g_RDPRIM                          system
     0000F385  _g_WRPRIM                          system
     0000F38C  _g_CLPRIM                          system
     0000F39A  _g_USRTAB                          system
     0000F3AE  _g_LINL40                          system
     0000F3AF  _g_LINL32                          system
     0000F3B0  _g_LINLEN                          system
     0000F3B1  _g_CRTCNT                          system
     0000F3B2  _g_CLMLST                          system
     0000F3B3  _g_TXTNAM                          system
     0000F3B5  _g_TXTCOL                          system
     0000F3B7  _g_TXTCGP                          system
     0000F3B9  _g_TXTATR                          system
     0000F3BB  _g_TXTPAT                          system
     0000F3BD  _g_T32NAM                          system
     0000F3BF  _g_T32COL                          system
     0000F3C1  _g_T32CGP                          system
     0000F3C3  _g_T32ATR                          system
     0000F3C5  _g_T32PAT                          system
     0000F3C7  _g_GRPNAM                          system
     0000F3C9  _g_GRPCOL                          system
     0000F3CB  _g_GRPCGP                          system
     0000F3CD  _g_GRPATR                          system
     0000F3CF  _g_GRPPAT                          system
     0000F3D1  _g_MLTNAM                          system
     0000F3D3  _g_MLTCOL                          system
     0000F3D5  _g_MLTCGP                          system
     0000F3D7  _g_MLTATR                          system
     0000F3D9  _g_MLTPAT                          system
     0000F3DB  _g_CLIKSW                          system
     0000F3DC  _g_CSRY                            system
     0000F3DD  _g_CSRX                            system
     0000F3DE  _g_CNSDFG                          system
     0000F3DF  _g_RG0SAV                          system
     0000F3E0  _g_RG1SAV                          system
     0000F3E1  _g_RG2SAV                          system
     0000F3E2  _g_RG3SAV                          system
     0000F3E3  _g_RG4SAV                          system
     0000F3E4  _g_RG5SAV                          system
     0000F3E5  _g_RG6SAV                          system
     0000F3E6  _g_RG7SAV                          system
     0000F3E7  _g_STATFL                          system
     0000F3E8  _g_TRGFLG                          system
     0000F3E9  _g_FORCLR                          system
     0000F3EA  _g_BAKCLR                          system
     0000F3EB  _g_BDRCLR                          system
     0000F3EC  _g_MAXUPD                          system
     0000F3EF  _g_MINUPD                          system
ASxxxx Linker V03.00 + NoICE + sdld,  page 3.
Hexadecimal  [32-Bits]

Area                                    Addr        Size        Decimal Bytes (Attributes)
--------------------------------        ----        ----        ------- ----- ------------
.  .ABS.                            00000000    00000000 =           0. bytes (ABS,CON)

      Value  Global                              Global Defined In Module
      -----  --------------------------------   ------------------------
     0000F3F2  _g_ATRBYT                          system
     0000F3F3  _g_QUEUES                          system
     0000F3F5  _g_FRCNEW                          system
     0000F3F6  _g_SCNCNT                          system
     0000F3F7  _g_REPCNT                          system
     0000F3F8  _g_PUTPNT                          system
     0000F3FA  _g_GETPNT                          system
     0000F3FC  _g_CS120                           system
     0000F401  _g_CS240                           system
     0000F406  _g_LOW                             system
     0000F408  _g_HIGH                            system
     0000F40A  _g_HEADER                          system
     0000F40B  _g_ASPCT1                          system
     0000F40D  _g_ASPCT2                          system
     0000F87F  _g_FNKSTR                          system
     0000F92A  _g_CLOC                            system
     0000F92C  _g_CMASK                           system
     0000F959  _g_QUETAB                          system
     0000F971  _g_QUEBAK                          system
     0000F975  _g_VOICAQ                          system
     0000F9F5  _g_VOICBQ                          system
     0000FA75  _g_VOICCQ                          system
     0000FAF5  _g_DPPAGE                          system
     0000FAF5  _g_RS2IQ                           system
     0000FAF6  _g_ACPAGE                          system
     0000FAF7  _g_AVCSAV                          system
     0000FAF8  _g_EXBRSA                          system
     0000FAF9  _g_CHRCNT                          system
     0000FAFA  _g_ROMA                            system
     0000FAFC  _g_MODE                            system
     0000FAFD  _g_NORUSE                          system
     0000FAFE  _g_XSAVE                           system
     0000FB00  _g_YSAVE                           system
     0000FB02  _g_LOGOPR                          system
     0000FB03  _g_RSTMP                           system
     0000FB03  _g_TOCNT                           system
     0000FB04  _g_RSFCB                           system
     0000FB06  _g_RSIQLN                          system
     0000FB07  _g_MEXBIh                          system
     0000FB0C  _g_OLDINT                          system
     0000FB0C  _g_OLDSTT                          system
     0000FB16  _g_DEVNUM                          system
     0000FB17  _g_DATCNT                          system
     0000FB1A  _g_ERRORS                          system
     0000FB1B  _g_FLAGS                           system
     0000FB1C  _g_ESTBLS                          system
     0000FB1D  _g_COMMSK                          system
     0000FB1E  _g_LSTCOM                          system
     0000FB1F  _g_LSTMOD                          system
     0000FB35  _g_PRSCNT                          system
     0000FB36  _g_SAVSP                           system
ASxxxx Linker V03.00 + NoICE + sdld,  page 4.
Hexadecimal  [32-Bits]

Area                                    Addr        Size        Decimal Bytes (Attributes)
--------------------------------        ----        ----        ------- ----- ------------
.  .ABS.                            00000000    00000000 =           0. bytes (ABS,CON)

      Value  Global                              Global Defined In Module
      -----  --------------------------------   ------------------------
     0000FB38  _g_VOICEN                          system
     0000FB39  _g_SAVVOL                          system
     0000FB3B  _g_MCLLEN                          system
     0000FB3C  _g_MCLPTR                          system
     0000FB3E  _g_QUEUEN                          system
     0000FB3F  _g_MUSICF                          system
     0000FB40  _g_PLYCNT                          system
     0000FB41  _g_VCBA                            system
     0000FB66  _g_VCBB                            system
     0000FB8B  _g_VCBC                            system
     0000FBB0  _g_ENSTOP                          system
     0000FBB1  _g_BASROM                          system
     0000FBB2  _g_LINTTB                          system
     0000FBCA  _g_FSTPOS                          system
     0000FBCC  _g_CODSAV                          system
     0000FBCD  _g_FNKSWI                          system
     0000FBCE  _g_FNKFLG                          system
     0000FBD8  _g_ONGSBF                          system
     0000FBD9  _g_CLIKFL                          system
     0000FBDA  _g_OLDKEY                          system
     0000FBE5  _g_NEWKEY                          system
     0000FBF0  _g_KEYBUF                          system
     0000FC18  _g_LINWRK                          system
     0000FC40  _g_PATWRK                          system
     0000FC48  _g_BOTTOM                          system
     0000FC4A  _g_HIMEM                           system
     0000FC4C  _g_TRPTBL                          system
     0000FC9A  _g_RTYCNT                          system
     0000FC9B  _g_INTFLG                          system
     0000FC9C  _g_PADY                            system
     0000FC9D  _g_PADX                            system
     0000FC9E  _g_JIFFY                           system
     0000FCA0  _g_INTVAL                          system
     0000FCA2  _g_INTCNT                          system
     0000FCA4  _g_LOWLIM                          system
     0000FCA5  _g_WINWID                          system
     0000FCA6  _g_GRPHED                          system
     0000FCA7  _g_ESCCNT                          system
     0000FCA8  _g_INSFLG                          system
     0000FCA9  _g_CSRSW                           system
     0000FCAA  _g_CSTYLE                          system
     0000FCAB  _g_CAPST                           system
     0000FCAC  _g_KANAST                          system
     0000FCAD  _g_KANAMD                          system
     0000FCAE  _g_FLBMEM                          system
     0000FCAF  _g_SCRMOD                          system
     0000FCB0  _g_OLDSCR                          system
     0000FCB1  _g_CASPRV                          system
     0000FCB2  _g_BRDATR                          system
     0000FCB3  _g_GXPOS                           system
     0000FCB5  _g_GYPOS                           system
ASxxxx Linker V03.00 + NoICE + sdld,  page 5.
Hexadecimal  [32-Bits]

Area                                    Addr        Size        Decimal Bytes (Attributes)
--------------------------------        ----        ----        ------- ----- ------------
.  .ABS.                            00000000    00000000 =           0. bytes (ABS,CON)

      Value  Global                              Global Defined In Module
      -----  --------------------------------   ------------------------
     0000FCB7  _g_GRPACX                          system
     0000FCB9  _g_GRPACY                          system
     0000FCBB  _g_DRWFLG                          system
     0000FCBC  _g_DRWSCL                          system
     0000FCBD  _g_DRWANG                          system
     0000FCC1  _g_EXPTBL                          system
     0000FCC1  _g_MNROM                           system
     0000FCC5  _g_SLTTBL                          system
     0000FCC9  _g_SLTATR                          system
     0000FD09  _g_SLTWRK                          system
     0000FD89  _g_PROCNM                          system
     0000FFE7  _g_RG08SAV                         system
     0000FFE8  _g_RG09SAV                         system
     0000FFE9  _g_RG10SAV                         system
     0000FFEA  _g_RG11SAV                         system
     0000FFEB  _g_RG12SAV                         system
     0000FFEC  _g_RG13SAV                         system
     0000FFED  _g_RG14SAV                         system
     0000FFEE  _g_RG15SAV                         system
     0000FFEF  _g_RG16SAV                         system
     0000FFF0  _g_RG17SAV                         system
     0000FFF1  _g_RG18SAV                         system
     0000FFF2  _g_RG19SAV                         system
     0000FFF3  _g_RG20SAV                         system
     0000FFF4  _g_RG21SAV                         system
     0000FFF5  _g_RG22SAV                         system
     0000FFF6  _g_RG23SAV                         system
     0000FFF7  _g_MINROM                          system
     0000FFF8  _g_SVFFF8                          system
     0000FFFA  _g_RG25SAV                         system
     0000FFFB  _g_RG26SAV                         system
     0000FFFC  _g_RG27SAV                         system
     0000FFFD  _g_SVFFFD                          system
     0000FFFF  _g_SLTSL                           system
     0004A000  s__SEG4                         
     0005A000  s__SEG5                         
     0006A000  s__SEG6                         
ASxxxx Linker V03.00 + NoICE + sdld,  page 6.
Hexadecimal  [32-Bits]

Area                                    Addr        Size        Decimal Bytes (Attributes)
--------------------------------        ----        ----        ------- ----- ------------
_CODE                               00004000    0000256A =        9578. bytes (REL,CON)

      Value  Global                              Global Defined In Module
      -----  --------------------------------   ------------------------
     00004000  _g_FirstAddr                       crt0
     00004000  _g_HeaderAddr                      crt0
     00004000  crt0_rom_header                    crt0
     00004018  _g_AppSignature                    crt0
     0000402B  crt0_p1_to_p2                      crt0
     0000408B  _CallFnc_VOID                      soccerlg
     000042DA  _g_Palette                         soccerlg
     000042FA  _g_TeamColorsArray                 soccerlg
     0000431E  _CallFnc_VOID_P1                   soccerlg
     00004372  _CallFnc_VOID_U8U16U16             soccerlg
     000043DE  _CallFnc_VOID_P2                   soccerlg
     00004437  _CallFnc_VOID_16_P2                soccerlg
     0000449F  _CallFnc_U8                        soccerlg
     000044F0  _CallFnc_U8_P1                     soccerlg
     00004546  _CallFnc_U16_P1                    soccerlg
     0000459A  _CallFnc_U8_P2                     soccerlg
     000045F5  _CallFnc_BOOL                      soccerlg
     00004646  _CallFnc_BOOL_P1                   soccerlg
     0000469C  _SetTeamColors                     soccerlg
     000046F7  _AddLines                          soccerlg
     000047E4  _CallSpriteFrame                   soccerlg
     00004800  SpriteFrame                        soccerlg
     00004834  _VSyncCallback                     soccerlg
     00004870  _dummy                             soccerlg
     00004878  _WaitForVBlank                     soccerlg
     00004884  _LoadField                         soccerlg
     0000493C  _main                              soccerlg
     00004C42  __divuchar                         
     00004C44  __divu8                            
     00004C47  __divu16                           
     00004C47  __divuint                          
     00004C76  _Print_MergeColor                  print
     00004C8D  _g_HexChar                         print
     00004C9D  _Print_Initialize                  print
     00004D05  _Print_SetMode                     print
     00004D2F  _Print_SetFont                     print
     00004E09  _Print_InitColorBuffer             print
     00004E33  _Print_SetColor                    print
     00004E70  _Print_SetColorShade               print
     00004E95  _Print_SetBitmapFont               print
     00004E9F  _DrawChar_4B                       print
     00004FAB  _DrawChar_Trans                    print
     000050AE  _Print_Clear                       print
     000050EA  _Print_Backspace                   print
     0000519B  _Print_DrawChar                    print
     000051AC  _Print_DrawCharX                   print
     000051BE  _Print_DrawText                    print
     00005222  _Print_DrawBin8                    print
     00005245  _Print_DrawHex8                    print
     0000526B  _Print_DrawHex16                   print
ASxxxx Linker V03.00 + NoICE + sdld,  page 7.
Hexadecimal  [32-Bits]

Area                                    Addr        Size        Decimal Bytes (Attributes)
--------------------------------        ----        ----        ------- ----- ------------
_CODE                               00004000    0000256A =        9578. bytes (REL,CON)

      Value  Global                              Global Defined In Module
      -----  --------------------------------   ------------------------
     00005276  _Print_DrawInt                     print
     00005302  _Print_DrawFormat                  print
     00005641  _VDP_SetModeFlag                   vdp
     0000566A  _VDP_SetModeText1                  vdp
     00005681  _VDP_SetModeMultiColor             vdp
     000056AA  _VDP_SetModeGraphic1               vdp
     000056DB  _VDP_SetModeGraphic2               vdp
     0000570D  _VDP_ClearVRAM                     vdp
     00005748  _VDP_WriteVRAM_16K                 vdp
     0000577F  _VDP_FillVRAM_16K                  vdp
     000057A4  _VDP_ReadVRAM_16K                  vdp
     000057DA  _VDP_Peek_16K                      vdp
     000057EF  _VDP_Poke_16K                      vdp
     00005807  _VDP_SetModeGraphic4               vdp
     00005827  _VDP_ReadStatus                    vdp
     0000583B  _VDP_SetAdjustOffset               vdp
     00005845  _VDP_SetPalette                    vdp
     00005854  _VDP_SetPaletteEntry               vdp
     00005863  _VDP_WriteVRAM_128K                vdp
     000058A6  _VDP_FillVRAM_128K                 vdp
     000058E1  _VDP_ReadVRAM_128K                 vdp
     00005929  _VDP_Poke_128K                     vdp
     00005954  _VDP_Peek_128K                     vdp
     00005977  _VDP_CommandWait                   vdp
     00005990  _VPD_CommandSetupR32               vdp
     000059C3  _VPD_CommandSetupR36               vdp
     000059EE  _VPD_CommandWriteLoop              vdp
     00005A16  _VDP_Initialize                    vdp
     00005A32  _VDP_SetMode                       vdp
     00005ADC  _VDP_GetVersion                    vdp
     00005B2B  _VDP_RegWrite                      vdp
     00005B37  _VDP_RegWriteBak                   vdp
     00005B4A  _VDP_RegWriteBakMask               vdp
     00005B69  _VDP_ReadDefaultStatus             vdp
     00005B6C  _VDP_SetPage                       vdp
     00005B7A  _VDP_SetLayoutTable                vdp
     00005BDD  _VDP_SetColorTable                 vdp
     00005C76  _VDP_SetPatternTable               vdp
     00005CD6  _VDP_SetSpriteAttributeTable       vdp
     00005D79  _VDP_SetSpritePatternTable         vdp
     00005D98  _VDP_LoadSpritePattern             vdp
     00005DC8  _VDP_SetSpriteSM1                  vdp
     00005E0B  _VDP_SetSprite                     vdp
     00005E46  _VDP_SetSpriteExMultiColor         vdp
     00005EAA  _VDP_SetSpriteExUniColor           vdp
     00005F0B  _VDP_SetSpritePosition             vdp
     00005F3F  _VDP_SetSpritePositionX            vdp
     00005F57  _VDP_SetSpritePositionY            vdp
     00005F6E  _VDP_SetSpritePattern              vdp
     00005F87  _VDP_SetSpriteColorSM1             vdp
     00005FA1  _VDP_SetSpriteUniColor             vdp
ASxxxx Linker V03.00 + NoICE + sdld,  page 8.
Hexadecimal  [32-Bits]

Area                                    Addr        Size        Decimal Bytes (Attributes)
--------------------------------        ----        ----        ------- ----- ------------
_CODE                               00004000    0000256A =        9578. bytes (REL,CON)

      Value  Global                              Global Defined In Module
      -----  --------------------------------   ------------------------
     00005FBE  _VDP_SetSpriteMultiColor           vdp
     00005FDC  _VDP_SetSpriteData                 vdp
     00005FF8  _VDP_DisableSpritesFrom            vdp
     00006009  _VDP_LoadPattern_GM2               vdp
     0000607F  _VDP_LoadColor_GM2                 vdp
     000060F5  _VDP_WriteLayout_GM2               vdp
     00006160  _VDP_FillLayout_GM2                vdp
     000061B6  _Bios_Exit                         bios
     000061BE  _Bios_SetHookCallback              bios
     000061DD  _Bios_InterSlotRead                bios
     000061E2  _Bios_InterSlotWrite               bios
     000061F7  _Bios_InterSlotCall                bios
     00006209  _Bios_SwitchSlot                   bios
     00006214  _Bios_WriteVDP                     bios
     0000621A  _Bios_WriteVRAM                    bios
     00006229  _Bios_FillVRAM                     bios
     0000623A  _Bios_TransfertVRAMtoRAM           bios
     0000624C  _Bios_TransfertRAMtoVRAM           bios
     0000625E  _Bios_ChangeColor                  bios
     00006277  _Bios_InitScreen0Ex                bios
     000062A7  _Bios_InitScreen1Ex                bios
     000062F2  _Bios_InitScreen2Ex                bios
     0000633D  _Bios_InitScreen3Ex                bios
     00006388  _Bios_GetPatternTableAddress       bios
     0000638D  _Bios_GetAttributeTableAddress     bios
     00006392  _Bios_GraphPrintCharEx             bios
     000063B9  _Bios_WritePSG                     bios
     000063BE  _Bios_HasCharacter                 bios
     000063C9  _Bios_ClearScreen                  bios
     000063CE  _Bios_SetCursorPosition            bios
     000063D3  _DEBUG_INIT                        debug
     000063D4  _DEBUG_BREAK                       debug
     000063D9  _DEBUG_ASSERT                      debug
     000063DF  _DEBUG_LOG                         debug
     000063ED  _DEBUG_LOGNUM                      debug
     00006413  _DEBUG_PRINT                       debug
     00006422  ___sdcc_call_hl                    
     00006423  ___sdcc_call_iy                    
     00006425  _Sys_GetPageSlot                   system
     00006478  _Sys_SetPageSlot                   system
     00006479  _Sys_SetPage0Slot                  system
     000064BE  _Sys_CheckSlot                     system
     00006522  __modschar                         
     0000652A  __modsint                          
     00006530  __divschar                         
     00006532  __div8                             
     00006536  __div_signexte                     
     0000653A  __div16                            
     0000653A  __divsint                          
     00006560  __get_remainder                    

ASxxxx Linker V03.00 + NoICE + sdld,  page 9.
Hexadecimal  [32-Bits]

Area                                    Addr        Size        Decimal Bytes (Attributes)
--------------------------------        ----        ----        ------- ----- ------------
_INITIALIZER                        0000656A    0000000B =          11. bytes (REL,CON)

      Value  Global                              Global Defined In Module
      -----  --------------------------------   ------------------------
ASxxxx Linker V03.00 + NoICE + sdld,  page 10.
Hexadecimal  [32-Bits]

Area                                    Addr        Size        Decimal Bytes (Attributes)
--------------------------------        ----        ----        ------- ----- ------------
_GSFINAL                            00006575    00000000 =           0. bytes (REL,CON)

      Value  Global                              Global Defined In Module
      -----  --------------------------------   ------------------------
     00006575  _g_LastAddr                        crt0

ASxxxx Linker V03.00 + NoICE + sdld,  page 11.
Hexadecimal  [32-Bits]

Area                                    Addr        Size        Decimal Bytes (Attributes)
--------------------------------        ----        ----        ------- ----- ------------
_DATA                               0000C000    000002ED =         749. bytes (REL,CON)

      Value  Global                              Global Defined In Module
      -----  --------------------------------   ------------------------
     0000C000  _g_HeapStartAddress                crt0
     0000C002  _g_ROMSlotID                       crt0
     0000C003  _g_Bank0Segment                    crt0
     0000C005  _g_Bank1Segment                    crt0
     0000C007  _g_Bank2Segment                    crt0
     0000C007  _g_CurrentSegment                  crt0
     0000C009  _g_Bank3Segment                    crt0
     0000C00B  _SwSprite                          soccerlg
     0000C233  _Field                             soccerlg
     0000C24A  _ScoreBoardLeft                    soccerlg
     0000C261  _ScoreBoardRight                   soccerlg
     0000C278  _g_PrintData                       print
     0000C2AA  _g_VDP_REGSAV                      vdp
     0000C2C6  _g_VDP_Data                        vdp
     0000C2C8  _g_VDP_Command                     vdp
     0000C2D7  _g_VDP_Sprite                      vdp
     0000C2DB  _g_ScreenLayoutLow                 vdp
     0000C2DD  _g_ScreenColorLow                  vdp
     0000C2DF  _g_ScreenPatternLow                vdp
     0000C2E1  _g_SpriteAttributeLow              vdp
     0000C2E3  _g_SpritePatternLow                vdp
     0000C2E5  _g_SpriteColorLow                  vdp
     0000C2E7  _g_ScreenLayoutHigh                vdp
     0000C2E8  _g_ScreenColorHigh                 vdp
     0000C2E9  _g_ScreenPatternHigh               vdp
     0000C2EA  _g_SpriteAttributeHigh             vdp
     0000C2EB  _g_SpritePatternHigh               vdp
     0000C2EC  _g_SpriteColorHigh                 vdp

ASxxxx Linker V03.00 + NoICE + sdld,  page 12.
Hexadecimal  [32-Bits]

Area                                    Addr        Size        Decimal Bytes (Attributes)
--------------------------------        ----        ----        ------- ----- ------------
_INITIALIZED                        0000C2ED    0000000B =          11. bytes (REL,CON)

      Value  Global                              Global Defined In Module
      -----  --------------------------------   ------------------------
     0000C2ED  _Frms                              soccerlg
     0000C2EE  _Secs                              soccerlg
     0000C2EF  _Mins                              soccerlg
     0000C2F0  _LastSecs                          soccerlg
     0000C2F1  _ScoreA                            soccerlg
     0000C2F2  _ScoreB                            soccerlg
     0000C2F3  _Team1Code                         soccerlg
     0000C2F4  _Team2Code                         soccerlg
     0000C2F5  _KickOffTeam                       soccerlg
     0000C2F6  _g_VSynch                          soccerlg
     0000C2F7  _g_VDPInitilized                   vdp

ASxxxx Linker V03.00 + NoICE + sdld,  page 13.
Hexadecimal  [32-Bits]

Area                                    Addr        Size        Decimal Bytes (Attributes)
--------------------------------        ----        ----        ------- ----- ------------
_SEG4                               0004A000    00001513 =        5395. bytes (REL,CON)

      Value  Global                              Global Defined In Module
      -----  --------------------------------   ------------------------
     0004A000  _EventPlayerFirstPresentationSta   soccerlg_s4_b3
     0004A001  _g_Fonts                           soccerlg_s4_b3
     0004A2F5  _EventKickOffReady                 soccerlg_s4_b3
     0004A2F6  _GetPlayerAnimFrame                soccerlg_s4_b3
     0004A74F  _UpdateGameState                   soccerlg_s4_b3
     0004AB84  _MainLoop                          soccerlg_s4_b3
ASxxxx Linker V03.00 + NoICE + sdld,  page 14.
Hexadecimal  [32-Bits]

Area                                    Addr        Size        Decimal Bytes (Attributes)
--------------------------------        ----        ----        ------- ----- ------------
_SEG5                               0005A000    00000AC5 =        2757. bytes (REL,CON)

      Value  Global                              Global Defined In Module
      -----  --------------------------------   ------------------------
     0005A000  _PlotField                         soccerlg_s5_b3
     0005A27D  _RemoveSwSprite                    soccerlg_s5_b3
     0005A434  _RemoveScoreBoardLeft              soccerlg_s5_b3
     0005A5B8  _PrintScoreBoardLeft               soccerlg_s5_b3
     0005A6D3  _RemoveScoreBoardRight             soccerlg_s5_b3
     0005A857  _PrintScoreBoardRight              soccerlg_s5_b3
     0005A97C  _SetBallSprite                     soccerlg_s5_b3
     0005A990  _IsBallForeground                  soccerlg_s5_b3

ASxxxx Linker V03.00 + NoICE + sdld,  page 15.
Hexadecimal  [32-Bits]

Area                                    Addr        Size        Decimal Bytes (Attributes)
--------------------------------        ----        ----        ------- ----- ------------
_SEG6                               0006A000    0000006F =         111. bytes (REL,CON)

      Value  Global                              Global Defined In Module
      -----  --------------------------------   ------------------------
     0006A000  _PlayerAI                          soccerlg_s6_b3

ASxxxx Linker V03.00 + NoICE + sdld,  page 16.

Files Linked                              [ module(s) ]

E:\Dropbox\FAUSTO\SVILUPPI\MSX\CODE\C\MSXgl\projects\soccerlgMSX2/out/crt0_rom_mapper.rel
                                          [ crt0 ]
E:\Dropbox\FAUSTO\SVILUPPI\MSX\CODE\C\MSXgl\projects\soccerlgMSX2/out/soccerlg.rel
                                          [ soccerlg ]
E:\Dropbox\FAUSTO\SVILUPPI\MSX\CODE\C\MSXgl\projects\soccerlgMSX2/out/soccerlg_s4_b3.rel
                                          [ soccerlg_s4_b3 ]
E:\Dropbox\FAUSTO\SVILUPPI\MSX\CODE\C\MSXgl\projects\soccerlgMSX2/out/soccerlg_s5_b3.rel
                                          [ soccerlg_s5_b3 ]
E:\Dropbox\FAUSTO\SVILUPPI\MSX\CODE\C\MSXgl\projects\soccerlgMSX2/out/soccerlg_s6_b3.rel
                                          [ soccerlg_s6_b3 ]


Libraries Linked                          [ object file ]

E:\Dropbox\FAUSTO\SVILUPPI\MSX\CODE\C\MSXgl\tools/sdcc/lib/z80/z80.lib
                                          [ divunsigned.rel ]
E:\Dropbox\FAUSTO\SVILUPPI\MSX\CODE\C\MSXgl\projects\soccerlgMSX2/out/msxgl.lib
                                          [ print.rel ]
E:\Dropbox\FAUSTO\SVILUPPI\MSX\CODE\C\MSXgl\projects\soccerlgMSX2/out/msxgl.lib
                                          [ vdp.rel ]
E:\Dropbox\FAUSTO\SVILUPPI\MSX\CODE\C\MSXgl\projects\soccerlgMSX2/out/msxgl.lib
                                          [ bios.rel ]
E:\Dropbox\FAUSTO\SVILUPPI\MSX\CODE\C\MSXgl\projects\soccerlgMSX2/out/msxgl.lib
                                          [ debug.rel ]
E:\Dropbox\FAUSTO\SVILUPPI\MSX\CODE\C\MSXgl\tools/sdcc/lib/z80/z80.lib
                                          [ __sdcc_call_hl.rel ]
E:\Dropbox\FAUSTO\SVILUPPI\MSX\CODE\C\MSXgl\tools/sdcc/lib/z80/z80.lib
                                          [ __sdcc_call_iy.rel ]
E:\Dropbox\FAUSTO\SVILUPPI\MSX\CODE\C\MSXgl\projects\soccerlgMSX2/out/msxgl.lib
                                          [ system.rel ]
E:\Dropbox\FAUSTO\SVILUPPI\MSX\CODE\C\MSXgl\tools/sdcc/lib/z80/z80.lib
                                          [ modsigned.rel ]
E:\Dropbox\FAUSTO\SVILUPPI\MSX\CODE\C\MSXgl\tools/sdcc/lib/z80/z80.lib
                                          [ divsigned.rel ]

ASxxxx Linker V03.00 + NoICE + sdld,  page 17.

User Base Address Definitions

_CODE = 0x4000
_DATA = 0xc000
_SEG4=0x0004A000
_SEG5=0x0005A000
_SEG6=0x0006A000

